abdominoscopy 8
abir 7
acanthite 8
achromophilous 13
aestheticist 10
afshar 10
afterwit 13
agamous 12
agistment 14
algalia 10
allochetite 12
alpha 15
alphos 7
amino 14
amphigam 7
antarchism 11
anteva 8
anthribid 8
antihygienic 9
antiperistalsis 8
antipyresis 12
antitax 8
anyway 4
apinoid 10
aplanat 5
appendicalgia 8
archcriminal 5
argemone 10
argyrite 14
arista 17
arroyo 6
ashman 3
athyridae 8
auditual 10
aularian 9
authority 6
awhet 12
babudom 10
bafta 13
balmoral 8
balneary 11
baluster 10
balustraded 10
barbecue 16
barras 6
barundi 15
basally 6
batonistic 12
benzotrifuran 20
bertram 7
bespice 12
beth 10
bioblast 16
biophotophone 10
bismuthiferous 10
blanque 12
bogberry 11
bosporus 9
boswellism 9
boyishness 5
bridgeable 11
bridgeway 7
briny 10
bullfighting 8
burglarious 6
buxomly 8
caftaned 10
camshaft 11
capacitive 4
captious 4
carajura 9
carbonado 9
carter 10
chaka 9
checkerbreast 13
chicory 10
chloridation 13
cholesterin 17
cholophein 16
cleeky 6
cloacaline 11
coabound 7
coccule 16
cochleous 8
cocktail 11
coggledy 8
collegianer 17
collodiotype 11
colonizer 8
comboloio 6
commutability 10
concausal 8
concernment 11
conformer 4
conker 7
consignment 7
constancy 7
cornucopiae 7
cosmism 7
countermaneuver 8
crag 10
crapefish 9
creatotoxism 16
cresegol 11
crinose 5
crossly 7
cryptocarpic 5
cupuliferous 13
decarbonized 16
declinal 8
decursively 11
deerstealer 5
dentical 10
dentolingual 6
derive 10
despond 9
deul 9
dialectologist 13
differ 7
disanswerable 8
discoglossidae 10
doctrinist 13
dolichocephalous 9
dongolese 11
door 7
dorothy 9
dosimetrist 4
dossil 11
dowel 8
draggletailedly 16
drosophyllum 8
druidess 7
durrie 7
dynagraph 9
ecuadoran 7
effector 9
eloquentness 16
elude 10
encephalotome 14
erythrolytic 11
ethoxyl 12
excurvate 9
exploitage 13
extinct 8
extirpate 12
extranatural 7
extravagantes 10
fantasticality 8
fascial 8
feeling 13
folliculin 11
format 7
frustum 12
gastrocolic 12
gelandejump 11
gelong 6
gladness 12
glossopalatinus 12
gnathidium 10
gnosticity 11
graffito 16
grantiidae 8
graphically 12
gratuity 12
graves 7
grayfish 15
gyrose 8
hardfisted 8
harnessry 8
heartquake 15
hello 5
hexametrographer 11
hieroglyphize 8
high 11
hobbledehoyism 7
holoptychius 4
holosymmetry 8
homuncular 9
honor 7
hopperings 11
horologically 7
hucklebone 15
hydrus 7
ichthyophagize 12
immatriculation 12
immeasured 16
impennate 7
imperspicuous 4
incompetency 11
incredibly 17
indecomposable 11
indemnificatory 11
inlayer 10
innuendo 12
intabulate 11
intermewed 15
intervocal 11
introsentient 10
irreverendly 8
jadder 10
jansenism 10
jaywalk 7
kawchodinne 11
kelima 4
ketene 5
kiby 8
kingliness 15
kongsbergite 11
koromiko 6
kukupa 13
laudanin 9
lentigerous 7
leptynite 17
lichenological 10
loaghtan 7
lobeless 8
lokman 7
lopsided 9
lufbery 10
lymphectasia 13
magnetotherapy 8
malobservation 10
manneristically 8
marmoraceous 13
marsipobranch 10
medalize 5
melonlike 9
meriquinone 7
meristematically 9
metamerized 11
microcephalous 6
microorganism 9
ministryship 12
misalienate 8
mitrailleuse 10
monopteridae 10
monotonously 7
morule 8
motorable 8
munitionary 11
muscatorium 9
myringotomy 9
myxochondroma 7
necropolis 15
nectared 11
ned 12
newings 11
nicely 12
nitro 12
nodiform 4
nogal 14
noncoercive 12
nondenominational 10
nonelectrical 7
nonreference 8
nonsuffrage 8
nonswimming 3
nonuniform 13
nototrema 8
nymphical 13
objector 10
offbeat 8
offshoot 12
oinology 9
oliniaceous 6
onslaught 12
ophioid 5
opisthotonus 10
optime 9
orang 12
osset 13
osteomalacial 15
ostracum 11
outyell 9
overbitter 8
overcuriousness 16
overexpenditure 4
overpayment 12
overstudiously 10
parahepatic 12
pardonee 10
pastness 6
paterissa 9
paucidentate 5
paulinian 13
pegall 12
pellate 5
pennyhole 9
perithecial 14
peropoda 10
persuadedly 12
perverted 7
pervertible 9
petaly 7
petrosilicious 7
pharyngorhinoscopy 15
phlogistical 17
phosphatic 14
photocombustion 8
photolithograph 3
phototrichromatic 16
phyllocyanin 15
phytosauria 9
pidjajap 8
piggin 7
plaguily 12
pleasurability 13
plenipo 8
pneumoencephalitis 12
podical 14
polly 11
polyhistorian 9
polytonic 9
polyvirulent 13
porger 6
poriness 6
postdysenteric 10
postmalarial 9
poulteress 9
poxy 12
preantepenultimate 9
predefine 6
prepetition 6
prequote 17
prereverse 10
presolicitation 14
presubsist 16
prizeholder 9
proclerical 11
progesterone 7
propanedicarboxylic 14
prophesier 16
proportionateness 5
proppage 12
protutor 7
prying 7
pseudopyriform 8
ptolemaean 12
punctulate 7
quar 8
quinovate 9
rackettail 6
rajiv 4
rapturist 8
rascaless 17
recantingly 11
recissory 11
refence 10
regulatris 14
repassable 17
replevisable 14
residuation 8
resplendence 9
retrieve 19
retrogradism 13
rictus 10
roundaboutly 19
rumrunning 8
sagebrush 5
salicylanilide 6
saltimbanco 9
saprogenic 13
scaldweed 10
scalled 8
scelidosaurus 12
scissurella 9
screener 13
screenwriter 10
seeingly 11
seepage 5
sejunctly 9
semistaminate 13
septillion 11
shurf 10
shyness 9
sig 4
siliceocalcareous 10
singsongy 8
singularity 9
slavery 9
slavish 12
slogging 12
slung 9
snuffman 7
soddite 4
solenogastres 6
somersetian 10
spasmodism 11
sped 8
spirituous 14
splatterdock 10
sponger 3
sporange 10
sridhar 7
stampedable 12
statoblast 4
staver 12
stegodont 7
stepparent 9
stepson 15
stethogoniometer 9
stipulator 10
stodgily 10
stoical 13
stomapodous 13
strawen 10
styful 16
subacetate 11
subaverage 11
supercrescent 7
supernumerariness 10
susanna 7
sweep 12
synantherology 11
syndactyly 10
syphilogeny 10
tableland 18
tagassu 8
taheen 11
tarsalgia 6
temerarious 6
tenaciously 6
tenebrific 9
tenebrousness 11
tepehuane 9
teruncius 8
testicardinate 13
thirteen 11
thrasherman 9
throughknow 8
thymene 6
thyreocoridae 12
tideswell 8
tiklin 11
toluide 9
toppy 8
traship 12
tricolic 12
tsattine 20
tunableness 12
tutee 10
typist 3
umbellately 4
unaccidental 12
unapproached 8
unbalancing 10
unbarricaded 15
unbeguileful 11
unbequeathed 11
unchidden 7
uncomely 13
undauntedly 12
undercrypt 13
undervaluing 8
underzealot 11
undiscomfitable 14
undissociated 18
unepiscopal 8
unevokable 12
unexceptionability 11
ungradually 11
unhumorous 8
unimpeachably 11
uninjuriously 8
uninventively 9
unlaudably 6
unlitten 3
unpacked 8
unpanoplied 9
unreciprocated 10
unrejuvenated 13
unsister 12
unstylishly 10
unsugared 11
unsuppressed 8
unswallowable 9
untruism 7
unwaggably 11
varolian 4
veronica 15
versicle 13
vibetoite 10
viciosity 12
vitrean 10
vivisectionist 7
volapuker 15
waferwoman 14
wagoma 6
wankapin 14
wasir 9
weft 10
whipt 12
whitehawse 10
witchhood 10
yelk 8
yellowware 9
youthhood 10
zigzaggy 9
zonesthesia 12
zygopteron 7
