abo 9
absorpt 11
acceder 14
acceptability 16
acclimatement 21
acetylmethylcarbinol 18
achinese 15
achromatolysis 20
acquiescently 9
acrocephalic 17
across 13
actinautography 12
acture 20
acumen 20
ade 18
adelite 15
adjourn 13
ado 17
adulterously 10
aeropathy 15
aerose 23
agami 16
aggressively 15
aiseweed 15
aleconner 13
algometrically 13
allophone 14
almude 15
altamira 22
alteregoism 14
aluminothermy 12
amalaita 13
amandus 10
amaranthine 13
amidation 17
aminoethionic 19
ammelide 8
amynodon 16
anarthria 15
andropogon 16
anesthetically 16
anterethic 17
anthecology 12
anthericum 14
anthracometer 11
anticatalyzer 16
antimeric 15
antiparabema 5
antlerless 17
apeak 15
apery 16
aphoruridae 17
aporobranchia 19
appointe 14
apprize 10
arboriculture 14
arithmetic 8
arthralgia 18
artinskian 10
artocarpaceae 17
astylar 15
aube 15
auspice 16
ausubo 15
autoagglutination 17
autoconduction 18
autophagi 8
aversant 7
axmaking 10
azine 11
baglike 19
baht 11
ballaster 22
bambini 11
banian 15
barony 21
basiophitic 14
basiscopic 12
bathysophic 15
bdellium 17
bearbane 12
beglide 13
belemnid 10
belostomatidae 16
bicuspid 15
bidigitate 23
bilateral 24
biomagnetic 12
biophysiology 15
birdbath 12
blastophoral 14
blessedness 16
blossomed 14
bockerel 11
boolya 19
borderside 13
borealis 15
bourtree 15
bouse 14
bowwoman 15
boxhead 16
brachiopodist 19
bradypode 12
branchiobdella 15
breakneck 22
bronchostenosis 12
brose 14
brumous 20
budding 11
buddle 20
burgensic 15
buttermaker 17
cacophonously 18
cairned 16
calamitean 16
calcium 12
campestral 14
candollea 17
carbuncle 17
cardioarterial 16
care 15
carolean 14
catarrhous 14
catella 11
caulerpa 15
celluloid 14
centrolepidaceae 10
centropomus 9
cerberic 16
cerebella 16
cessantly 17
chaetophoraceae 7
chainwork 15
chalazal 22
chalkstone 20
chancelloress 9
cheekish 13
chemotherapist 19
chikara 14
chinanta 19
chiromantical 18
chocolate 16
chondrin 19
chondrotomy 14
chopunnish 14
chronometrical 13
chrysochlore 15
churchism 19
chylifactory 13
cithara 7
clarabella 15
classicality 11
clearheadedly 13
clinanthium 13
clochan 16
clogdogdo 9
clothesline 17
clydesdale 23
coadministratrix 23
coccus 12
coccygomorphae 21
coelonavigation 12
coelongated 16
coessentialness 21
coffinmaker 15
cognoscitive 9
coinherence 14
coleoptilum 23
collegiately 17
colosseum 14
comanchean 12
complicacy 15
compounder 14
congratulable 15
conjecturer 12
consistorial 13
contralto 12
coof 15
cookable 13
corresponding 15
corticiferous 16
cosmoplastic 19
costiform 15
cotterite 16
coughwort 18
coumaric 12
counterefficiency 15
counterreaction 20
counterselection 11
covenantal 14
crackerberry 26
cradlemaking 12
crasher 10
crawler 15
creekside 12
crenulate 23
cricoid 14
croppy 17
crumblement 11
crunchingness 21
cryoscopy 11
cryptogamy 11
ctenophoric 13
cubitocutaneous 20
cuemanship 16
cultrate 15
cyclamen 21
cynoclept 18
cynogale 9
cytodiagnosis 12
dactylonomy 17
dactylus 10
deboistly 12
deceptious 13
decimate 13
deformalize 16
demirilievo 15
demolishment 14
demonland 11
denization 19
denudative 15
deodorant 18
deodorize 9
deplete 19
deprecator 21
despondent 14
dethroner 13
detracter 14
diaclastic 11
differingly 18
dioctahedral 10
dirichletian 17
disallow 16
discutable 9
dispensableness 14
disperiwig 17
dissentaneous 14
dissolutive 19
distal 13
divestiture 12
done 16
doorstep 21
dorsal 8
dorsicornu 13
double 13
downfolded 20
downlying 16
drivable 21
dualization 18
ducking 14
dudleya 15
dumpling 14
dysgnosia 12
ebionism 16
eirene 16
ektene 13
elain 13
elaphrium 16
electrostriction 11
enchant 28
engraving 14
enliveningly 8
enthuse 15
epicyte 15
epimer 18
erigible 19
escapist 18
esophagomalacia 21
estivage 14
eternal 15
eugenist 19
eupomatiaceae 13
euselachii 11
evangelicism 10
evulsion 16
execrate 18
exhilaratory 17
exrupeal 11
extraquiz 21
farmery 20
fasciculation 16
femininism 17
fidelio 18
fidgetiness 13
fieldfare 15
fiendhead 9
flagroot 20
flak 9
flancard 20
fluidglycerate 10
flux 15
fonduk 19
forborne 16
foreconceive 16
foreleg 14
forepaw 16
forgetfulness 12
formicivorous 19
forweend 22
foudroyant 35
fratchy 13
frederik 16
frighten 18
frough 8
frugalness 16
fugle 14
fulsome 9
gammarus 16
gardenwards 17
garnishable 18
gaslighted 16
gastromyxorrhea 20
gauchely 10
gelatinochloride 10
gelose 17
gematrical 20
gemless 9
genoblast 17
geo 11
geomalic 15
geraniales 16
gerard 15
geyan 15
gibbles 15
glaciarium 13
glanduliferous 13
glariness 18
glasswort 18
gleaming 12
glossoepiglottic 16
glossorrhaphy 13
gnawable 12
gonidioid 16
gonomery 8
governorate 14
gradatory 16
graffias 14
grampa 18
graptoloidea 16
gravimetric 10
gray 11
graylag 21
griece 17
gulose 13
gurgling 14
gut 18
gutterwise 19
haematobranchia 19
hagworm 9
hammerwork 13
haratch 18
hayrake 21
heather 11
hederiform 10
heelstrap 13
hemapophysis 21
hemostatic 14
herald 23
heredity 20
herpotrichia 15
herse 17
heterodontism 18
hetterly 18
hexitol 23
hirondelle 10
holdall 26
holdback 20
holotrichida 11
homelessness 17
homeochromatism 17
horselaugh 10
hostageship 17
hotspur 26
hugoesque 18
hundreder 19
hunker 14
hussyness 22
hyperbolicly 16
hypercarbureted 15
hyperexcitement 17
hyperhypocrisy 12
hyperostotic 17
hyperplastic 17
hypnesthesis 12
hypochaeris 9
hypogeous 12
hypsistenocephaly 16
ibadite 16
iconolatrous 10
idalia 14
ierne 11
imbrute 23
impatronize 15
impersonatress 16
imponderous 12
inanition 20
inapplication 14
indecipherability 18
indicible 16
indigenously 10
indogaea 17
inermi 11
inferentialism 17
infiltrative 15
infinitesimalism 12
ingluvial 4
inscriptionist 20
inscriptured 11
insolently 18
inspiratrix 21
institutionally 20
interdictive 9
interjealousy 16
interspatially 15
invertor 24
iodomethane 20
is 25
ischioperineal 13
isoemodin 11
isoenergetic 20
jamesian 25
jap 12
jewism 20
jobbing 15
jonas 13
joylessly 16
juloidea 18
jumpable 14
justification 19
jwahar 16
katachromasis 12
kelvin 17
kerflummox 21
kickoff 24
kiddy 21
kindergartner 18
kindredly 11
kisswise 23
kiyas 14
knobbiness 14
knopped 11
kratogenic 8
kroushka 13
kurdistan 13
laguncularia 15
languescent 18
lathwork 20
latifundium 17
leadway 11
leal 18
leisureful 16
lepidote 15
leptotyphlopidae 20
leucodermic 19
licenser 16
lifespring 18
lope 19
lube 13
lucet 12
lucid 12
luminate 7
lunar 19
machree 15
macrocosmical 17
makable 11
mandelic 14
manwards 16
marbleness 13
marmennill 14
matra 16
maundy 14
mayathan 16
mazolysis 15
melaniidae 17
meningomyelorrhaphy 24
mensurableness 18
mercedonius 16
mesohippus 13
mesoseme 12
mesymnion 17
metacarpal 15
metallochrome 15
metaplasis 13
metapolitic 16
michiel 11
microtelephonic 15
mikadoate 15
mike 15
milleporite 13
mimmock 12
misanthrope 18
misguggle 15
mislodge 14
mismarriage 15
mispleading 16
mitigant 17
mixodectes 21
mnemic 25
monal 14
monkish 14
monochrome 18
monsignor 18
monzogabbro 13
motoring 15
mountaineer 12
muddish 15
multilobulated 19
mustermaster 15
mycelian 11
mycologically 20
myectopy 16
mythoheroic 18
nama 15
neanderthal 20
nearabouts 10
necrotization 17
neptunian 12
neuronal 15
newsteller 17
nickieben 17
nirvanic 11
nodosarian 11
noncarbonate 16
nonconvenable 14
noncorrosive 16
nonrebel 18
nonsawing 16
nonsignification 17
normal 12
numismatically 20
nutrice 15
odontotherapy 12
oinology 11
oloroso 18
omentulum 12
omniscope 17
omphalorrhexis 16
ontography 11
onychopathology 9
ophiophobe 12
orarion 12
orchiopexy 15
ordainer 17
organographic 12
oscillaria 13
osteopathically 17
ostrichlike 19
otidae 17
outfish 23
outgarth 10
outredden 17
ovatocylindraceous 15
overcuriousness 22
overdiscourage 11
overexposure 15
overextend 16
overfamed 18
overglide 16
overintensely 21
overmaster 17
overmix 16
overshepherd 19
overstiff 12
oversuspiciously 12
oxamidine 6
oxman 16
paddockstone 20
palaeobotanical 12
palaestrian 15
palamite 13
paleolithy 15
pantherine 15
pantophile 12
papaverous 20
papism 10
paradoxic 10
pargo 18
partile 22
passee 17
pastorale 15
patavian 14
pathogerm 12
patola 15
pectinirostrate 14
peeled 18
penalize 14
penthouselike 20
perceptivity 14
pericecitis 12
periodicalize 14
peripolygonal 13
perspectivity 15
philatelically 28
philodinidae 16
phlegmatous 15
photodromy 16
phyllopoda 7
phylogerontism 12
phytiferous 11
phytopathology 13
pilgrimager 15
pilular 19
planorboid 15
platymeric 11
pleroma 15
pleuric 16
plinth 12
pneumonoenteritis 5
poditic 15
podophyllum 22
polyamide 17
polyfoil 14
polyiodide 12
polymorpha 22
polysyllable 18
polyzoary 17
porcated 18
powwower 21
praenominal 18
preaccusation 19
preadequacy 13
preconcurrently 15
precorridor 24
predefy 13
predestinationist 11
predispersion 5
prefator 18
prehazardous 18
preindemnification 20
preindulgent 13
preinvest 11
prelegendary 19
prenotion 17
preprimary 18
presettle 19
pretimely 8
prevailment 19
prevaricatory 16
proambient 15
processional 23
pronunciation 5
prosabbath 11
prothrift 12
protocolary 16
protoperlarian 17
protragedy 17
prunasin 13
pseudoantique 15
psittacosis 19
psychobiochemistry 15
psychoethical 11
psychotherapeutist 19
pterodactylid 8
pteroma 15
pupillometry 15
pygopodes 16
pyopneumoperitoneum 21
pyrophoric 15
quinisextine 14
quinonyl 10
quoratean 18
raciness 12
radiational 11
radiobroadcasting 15
raftsman 26
ratableness 11
raucity 15
reafforestation 22
rebid 16
recapturer 21
record 13
rectovesical 20
redepend 10
redivivus 15
regain 16
regenerative 16
remonstrator 16
repine 7
resettle 17
retaliator 10
reve 17
revendicate 16
rhinorrhea 14
rife 14
rip 20
ripe 19
riverain 15
rockaway 13
rocketeer 11
rosin 12
royalty 15
ruching 19
russel 17
sagebrush 20
saitic 18
salacity 21
salmoniform 17
sambal 15
sanction 18
saphead 13
sarcotherapeutics 10
scandalmonging 13
schizanthus 17
scholion 16
scolecology 15
scraggedness 16
searching 16
secantly 11
secularizer 16
sego 11
selachostome 17
semeiology 6
semiclose 17
semigala 17
semiquietist 14
septifragal 15
septisyllable 17
serapic 19
setier 17
shackbolt 15
shieldboard 14
shopocracy 15
shunter 14
shyster 19
sialis 16
sideroxylon 13
sieversia 13
simile 17
sinophile 21
siper 15
sisterin 17
sisterly 16
skinbound 27
skunkish 40
smellable 13
smouch 13
smut 15
snaggy 10
snaillike 19
sneakishness 7
sneerful 15
sob 14
softy 15
solicitor 12
solidungular 13
soniou 9
soot 13
sorbinose 12
sowbane 19
soyot 14
speakable 16
speaker 20
sped 16
speedy 20
sphacelia 13
spiflicated 21
spinobulbar 14
spiregrass 15
splurgily 13
squalidness 10
squamule 17
squeezability 21
stabilizator 8
stable 18
staphylomycosis 11
staphylorrhaphy 15
staticproof 15
staynil 10
steganopodous 12
stelai 23
stenophile 15
stentorious 14
sternly 10
stib 16
stirp 16
stodgy 20
stowdown 13
styward 16
subability 8
subaetheric 12
subdecimal 19
subdented 22
subdialect 12
subfalcial 17
suboctave 17
subrepand 22
subsizarship 19
sulphantimonite 16
summons 21
superdiabolical 9
superradical 19
supersubstantiality 15
superunfit 12
suprasensible 11
swaimous 14
sycosis 19
sydneian 13
symphyseotomy 17
symptomatics 13
synoptically 18
tachyphrasia 16
tactable 16
taffety 14
tailorlike 12
tamely 18
tangentally 15
tapachula 11
tarrow 12
tautochronism 12
tautosyllabic 9
tectibranchiata 8
teicher 14
telautomatics 10
telespectroscope 17
temptatory 23
tetracoralline 17
tetragynia 12
tetrasporic 10
theaterwise 18
thecamoebae 16
thecoid 10
thema 17
theopaschite 17
theoremic 14
theoteleology 15
therese 19
thermidorian 16
thermogenous 12
thickheadedness 14
thiotolene 14
thribble 13
thrillfully 10
thrillproof 17
throve 11
thug 16
thundersmite 21
thyreohyoid 20
thyronine 7
thysanoura 16
tie 15
tilsit 17
timaline 24
todus 19
toluifera 15
toolholding 19
toweringly 23
towser 9
toxophily 20
trabeae 16
tracheata 7
trachelectomy 15
tramful 11
trant 15
trashy 11
trenchlike 18
triatomic 14
trichloroacetic 22
trikerion 8
trineural 13
tripetalous 14
tripodian 10
trochleary 18
trowing 19
tuftily 9
tumblerlike 9
tungstenic 18
tutorly 16
tyrology 14
ulterior 10
umbellic 14
umbrian 16
unancestored 18
unanimated 21
unassailably 4
unattainably 21
unbeneficed 18
unburnished 22
uncauterized 19
unceded 13
unchangeably 8
unclemently 11
unclipper 21
uncloak 11
uncluttered 16
uncommitted 21
unconduciveness 13
unconflictingness 16
uncongeniality 20
unconscientiously 19
uncontemporary 15
uncooled 11
uncourteous 20
uncrystaled 15
undenominationalize 13
undercup 8
undermusic 18
underripened 11
undeteriorated 16
unemployableness 16
unexclusiveness 17
unexcogitated 21
unexecutorial 8
unextortable 22
unfactional 15
unfertilizable 18
unfidgeting 7
ungeographical 10
ungirdled 13
ungroaning 24
unharmful 20
unharped 19
unheart 13
unhumble 20
unhurtfulness 12
unidyllic 18
unimpairable 12
unincidental 22
uninoculable 15
uninsurable 20
uninterviewed 18
uninventively 20
univocity 13
unlaid 16
unlaugh 12
unmatrimonial 10
unnaturalized 17
unparticularized 8
unramified 12
unrebuilt 13
unrecreating 8
unreefed 18
unremunerated 16
unrepressed 16
unrevenged 11
unshrew 23
unsighted 18
unsmokified 13
unsurpassably 12
untented 8
unthrushlike 16
untragic 7
unvacant 16
unvicar 13
unvoluntarily 18
unwearisomeness 14
unweetingly 19
unwillingness 12
upcut 10
upgrade 15
upshoot 26
uptoss 19
upwrench 22
upwrought 10
urine 16
urinocryoscopy 17
ustilaginales 17
usurpor 14
vagotonic 13
vamp 18
vaudeville 21
veneniferous 16
vengeance 19
ventilator 14
verderer 13
vestigium 10
vicia 12
vindemiatrix 10
viperishly 14
virtuose 19
visitoress 14
vitriolate 25
volcanological 16
vomiturition 11
vrbaite 13
vulgar 15
wagenboom 14
waitress 11
wake 15
waker 8
wauner 9
weakishness 11
welfic 7
whemmel 15
whute 14
windjammer 19
withholdable 11
wollastonite 15
worden 12
worrisomeness 22
wristlock 15
writing 10
xylina 17
yid 13
zaratite 16
zelatrix 18
zoomagnetism 10
zootrophic 16
