abandonedly 15
abencerrages 16
abhorrent 18
absciss 16
accelerated 18
acceptably 26
accessoriness 19
accommodational 14
acervate 12
achordate 21
acture 21
aculeated 21
adaw 12
adiaphorite 12
admaxillary 13
adopted 12
aeriality 16
aerobe 29
agoge 18
agriotes 15
alaster 18
alexia 9
alicyclic 16
allopolyploid 11
almsdeed 14
almud 23
aluconidae 21
ambitionist 17
ambosexual 19
amidship 20
aminolysis 20
amniote 21
amoritish 21
amphodiplopia 10
amylate 17
anachronic 23
anarcotin 13
anesthesiant 19
aneurin 16
angiolipoma 15
angiometer 12
anglicize 16
anisotrope 14
annexa 10
anophyte 11
anosphresia 21
anteinitial 20
antepenultimate 19
antesignanus 18
anthranol 14
anthropophilous 19
anticlockwise 12
anticoagulative 24
antimonopoly 15
antipsalmist 18
antiracemate 16
antirevisionist 14
antitank 19
aphonous 18
apicolysis 20
apneustic 22
appearanced 15
apperceptionism 13
archil 18
areologically 13
ariana 21
arithmomania 22
arkite 20
arrhythmically 18
artel 16
arthralgia 20
arthroclisis 16
articulata 16
aseity 21
asomatophyte 20
assegai 19
assessee 18
astronomize 16
asymbolia 16
aterian 22
atorai 23
atriensis 9
atwitter 10
aumail 15
auspice 14
autoecy 20
autoerotically 15
autogeneal 24
autography 22
autophytically 18
autosymbiontic 23
azygobranchiate 18
babelize 25
baccarat 18
bacchantic 15
bachelorize 21
bacteriolysis 19
bagani 22
bagaudae 19
baianism 11
balanite 12
balanopsidales 21
balladmonger 13
bargander 22
barkless 13
barracan 27
basicytoparaplastin 15
bathukolpic 14
bathysphere 11
beautifier 13
bedamp 18
bedouin 9
beetled 15
begaze 11
beglide 14
behenic 14
beladle 21
belonite 8
bemonster 16
benote 18
bentwood 12
benzazine 21
beslap 12
bestowage 18
betulinamaric 15
bewailer 16
bicameral 9
binding 15
birch 24
birthbed 17
bismuthite 15
bistipular 24
bite 17
bitterish 15
blanketmaking 8
blasthole 19
blight 16
blissfulness 12
block 12
bloop 19
boathead 15
boden 14
bolelike 17
borderies 15
borsch 13
bouncing 23
bournonite 15
brachtmema 18
bradylexia 17
bratticing 20
breadbasket 22
bristly 15
broadsheet 15
broccoli 23
bucciniform 19
bumblepuppy 14
bumboatwoman 23
bushment 22
cabasset 16
cabezon 18
caerphilly 14
calabrese 14
calcaneoastragalar 18
calendaric 25
calendric 11
calli 15
calligrapher 16
campaniliform 14
caprylin 12
carbimide 17
carbodiimide 16
carbonatization 23
carburator 21
cardiophobia 19
careerer 17
carpophore 13
carriage 15
caryophyllin 15
catalogical 23
catan 20
catasta 23
catechumenically 25
causing 11
cava 17
cedrela 21
celliform 7
cencerro 18
cenotaphy 25
centrical 9
chabouk 15
chanterelle 22
chayaroot 16
cheeseparer 28
chemolyze 22
chenopodium 21
cherubimical 18
chloroplatinate 11
chondrarsenite 17
choreographical 23
chouse 7
chylemia 18
circumcolumnar 20
circus 16
citizenish 14
clausular 16
clavola 15
clinicopathological 11
clustered 14
coaffirmation 13
coeloma 20
cognitum 17
collation 16
colleries 18
collery 15
collutory 19
colonate 16
colopexy 15
colporter 20
commiseration 18
competentness 11
complexional 24
complimentary 13
conclusion 30
conclusively 20
condensate 23
conflagrative 13
confluence 17
consanguineous 16
consciencelessness 17
consign 15
constate 14
contrapositive 13
convincement 18
convocant 16
convulsively 10
coppy 14
coracoscapular 13
cornhusk 17
cornless 18
cornus 15
corporalship 21
corporateness 22
corroboratively 12
cotter 17
councilmanic 21
counterbid 18
countercourant 16
counterrestoration 13
countervote 13
counterweigh 19
courthouse 16
cradlesong 18
craniocele 23
crash 14
crenately 17
crepitate 15
crepitus 18
crinosity 14
crispin 16
critch 22
croceic 15
crosspiece 13
crucethouse 23
crural 15
cryptogamist 18
cryptogrammatist 12
cryptoscope 20
cuchan 19
cultured 14
cunner 16
cupidinous 17
curtain 9
cusparine 12
cutireaction 13
cyanemia 14
cyanomethemoglobin 17
cyclolith 21
cyclostoma 25
cydonium 20
cynosural 18
cystic 16
cytopathological 24
dahoman 12
dardaol 14
daulias 14
daymark 16
deaminization 14
deathworm 20
decangular 13
deckel 17
declaimer 25
declare 18
decolour 21
deictically 16
delible 15
delphinite 18
demicylinder 21
demonstrable 18
denunciatory 18
depredate 14
derelict 16
dermatomycosis 20
dermochrome 15
determinant 18
detin 21
deviability 16
diarhemia 16
diarrheal 27
dictaen 19
diego 19
diffusibly 18
digenic 19
digerent 16
digestively 24
diluvialist 17
direful 18
discanonization 14
disenchain 15
disheritment 18
displeasurable 12
distributedly 14
distributively 12
doddered 11
dodecarchy 16
dolently 17
dominial 21
doormaid 14
dora 21
dorsopleural 13
doubleleaf 18
dovetailwise 21
dreamingly 14
druggist 22
druxiness 19
dulcimer 16
duplicidentata 23
dura 16
durbar 16
dynamitish 26
dysacousia 13
dysmeromorphic 26
eagerness 14
ecchondroma 22
edulcorate 37
efflate 19
eglantine 24
ehretia 13
eidently 17
eider 13
ejaculator 14
elastically 8
elbow 20
elutor 18
emboliform 25
emetocathartic 16
emissaryship 19
emotive 11
emulsible 21
endocoele 18
endoneurial 15
endotrophic 12
enharmonic 12
enlivener 22
ensuance 24
entireness 15
entodermic 18
entoloma 16
entomoid 23
entoplasm 19
envelope 15
epinephelus 17
epiphytism 21
episodial 17
epistolographic 16
eponym 17
erasmus 19
etcher 12
ethmovomer 14
ethnological 23
eugregarinida 18
eupnea 20
evangelican 15
evehood 16
eversible 23
exaggerativeness 14
examinator 17
excisemanship 22
executry 10
exigenter 12
existability 15
exmoor 17
expansionism 14
expensively 12
exportation 12
extemporizer 16
extraperitoneal 20
extratemporal 13
eyn 15
fabrikoid 12
fan 13
fanaticism 21
fantastication 20
farmtown 16
fasciculus 16
favn 22
fenestration 15
fertilely 18
fibromatoid 15
figaro 13
filiciform 15
filmland 14
filo 31
fimbria 19
firmisternial 15
flatway 23
florate 26
fluxibility 23
folklorism 20
fomentation 19
forcing 20
foredestiny 19
foreignership 15
foremade 17
foremilk 16
foreside 16
forestless 26
formaldehydesulphoxylic 17
forth 15
fortuity 25
frab 16
frangulaceae 13
frithsoken 10
fumigant 26
fumigate 19
funneled 24
furculum 11
furfuroid 14
galliardness 15
gallicola 16
galravitch 11
gandhist 11
gardy 15
gastralgic 10
gastroatrophia 19
gauche 15
gazeless 18
geggee 13
gemmification 18
genocidal 16
gentianaceae 16
geocronite 18
geometer 10
germaneness 14
ghilzai 15
gigmaness 21
girderage 18
girderless 19
glaucomys 20
glittery 19
glossoscopia 21
glutose 20
glyptograph 17
gnawn 16
gnomologic 18
goldy 11
gonoblast 15
gonocalycine 13
gonytheca 8
goosefish 13
gorgonian 16
gorilline 13
graduand 21
grapenuts 20
greenable 14
gristmiller 17
grivet 19
groanful 9
grumpily 18
grundy 11
grundyism 12
guignardia 15
gummiferous 21
gunnung 21
gypsophila 17
gyration 25
habitance 9
habronemic 22
haggaday 21
hairmeal 13
halfheartedly 11
halieutics 19
hammering 17
handcloth 23
hap 16
hardbeam 11
hasteful 18
haugh 19
hausen 16
hearthpenny 22
hecatonstylon 17
hederin 13
helcosis 14
helicograph 25
helion 19
hellanodic 18
hellcat 13
hellness 11
help 14
hematological 15
hendecagonal 25
heptamerous 25
heptarchy 21
herbartian 21
herbous 22
hero 14
hertz 15
hervati 16
heteromyarian 12
hevea 19
hibernate 15
hippidion 19
hippuris 19
hitless 16
hogbush 18
holomorphism 18
homoeotel 22
hoodwinker 19
hooligan 22
hooliganism 18
hopefully 21
horoscoper 9
hotchpot 10
hoteldom 15
hounding 20
hourful 17
huldee 21
humaneness 11
hydnora 16
hydroatmospheric 19
hydrocarbide 18
hydrolase 15
hygeian 15
hyperchloric 18
hypnotoid 21
hypobole 19
hypocrite 14
hypocytosis 13
hypophonic 15
hypoptilar 11
hypotenuse 19
hyraceum 20
hysterocrystalline 15
hysterogeny 20
hysteromyomectomy 10
ichthyol 17
ichthyopolist 16
iconographer 21
iguanodontia 17
illess 15
illucidate 10
immedicable 15
impacability 17
impecuniosity 19
implicitly 10
improvident 13
imprudently 20
incomer 18
inconsistent 12
incontaminateness 14
indefensibility 17
indigitate 16
indignancy 9
indispensableness 17
indissolute 15
inditement 17
inductorium 20
inerrancy 20
inextant 19
infester 16
infissile 21
inflexive 22
infraprotein 21
infraspinatus 17
infrugal 14
innovation 17
inoblast 8
inrooted 11
insectologer 18
inshoe 15
insolate 9
insomnious 17
insula 19
intellection 16
interchoke 18
intercontinental 16
intercrust 13
intergeneration 19
interlineate 10
interoceanic 20
interproportional 15
intersocietal 15
intertransmissible 10
intransmissible 13
introversive 18
inventional 15
invest 17
invincibility 19
iodohydrin 15
iodotherapy 21
irelander 16
iridical 17
irisher 14
irok 22
isagogical 12
ishmael 18
islamistic 20
islamization 18
isocholesterol 12
isochronous 15
jacaltec 16
jackshaft 15
jaggy 10
jambo 23
jawfoot 12
jesuitess 12
jim 21
jocularly 20
jonsonian 18
joree 23
jowly 19
jude 19
judgeable 14
juventas 8
kedar 24
keenness 10
kenspeckle 14
keratitis 20
kernelly 13
kersantite 18
kibitz 21
kinetics 19
kivikivi 20
knavery 18
konini 16
kuskos 13
laden 17
ladyling 16
lapith 20
lateroabdominal 17
latinism 11
latitude 17
laugher 16
lauraceous 24
laurence 22
lavishness 16
layout 18
lazyship 13
leapfrogger 28
lemnaceous 13
leninite 18
leprologist 22
leptocardii 13
leptogenesis 9
libationary 9
lichen 13
lifelessness 10
lifeline 16
linenman 14
lingtowman 18
lippia 12
litholatry 16
loam 16
locksman 14
logres 22
longfin 16
longs 19
lonk 17
lophobranchiate 11
lorriker 16
lotophagi 16
lucanus 21
lustreless 18
luvian 15
lymphad 21
lymphogranuloma 15
lynchable 20
macareus 15
machinelike 22
macrocoly 20
macrospore 21
macrotolagus 20
madderwort 17
madescent 13
madonnalike 13
madreporite 22
madurese 7
magirologist 16
magistrality 14
maintainableness 25
malacostracous 14
malapi 15
malleability 10
mandrin 14
manila 12
manta 13
mantis 18
manurage 12
margeline 12
marmatite 13
marshbuck 12
marshlocks 19
marssonina 18
maru 22
maximization 23
meconology 20
medianly 17
mediation 20
megaloureter 15
melogrammataceae 16
membership 8
menorrhagy 12
meriah 16
meritorious 20
mesocephal 10
mesonephros 12
mesophragma 24
metaphenylene 20
metarhyolite 14
microtia 12
migniardise 25
mirk 15
misandry 19
misapprehensible 15
mischristen 17
misexecution 16
misgovernment 17
misimputation 21
misjudgingly 13
misservice 17
missionizer 13
modifiability 11
mohammedanism 9
moit 23
molossian 16
monactinellidan 23
monkishness 13
monological 15
monostelous 23
monotonousness 23
moralizer 19
mosshead 14
mrs 12
mucorine 15
multicuspidate 19
multidentate 22
multilateral 19
mundane 14
mundic 12
musculomembranous 20
myceloid 14
mystic 22
naggingly 11
nanga 13
narcotization 17
nasoalveola 19
natimortality 16
necrotype 18
needling 20
negatory 25
nema 24
nemertina 16
nemoricole 16
nephralgia 20
neurobiotactic 15
neurochorioretinitis 20
neurogenetic 15
neuropsychopathy 10
newsboard 20
nihilianism 19
nitrogenate 24
nitrostarch 19
nonaction 21
nonchafing 14
nonchanging 10
nonconventional 22
nondifferentation 17
noneditor 23
nonefficacious 12
nonexchangeable 19
nonfederated 20
noninstruction 15
noninterchangeable 13
nonmonarchist 16
nonoily 11
nonornamental 15
nonparliamentary 15
nonplacet 17
nonpropagandistic 20
nonprovocation 17
nonpumpable 19
nonretractile 20
nonsilver 23
nonspinning 12
nonstaining 10
nonstarting 20
nonsubmissive 22
nonsubstantive 15
nonsupporter 23
nonsymphonic 15
nontrunked 18
northing 15
nostrilsome 14
nought 22
nourishingly 21
novemperfoliate 15
nullah 22
numerist 21
nyctalopia 14
nyssaceae 14
oarsmanship 15
obedientiary 13
obstinacious 19
octoploid 13
octospore 18
ocularly 19
olacaceae 20
olympianism 11
omar 18
oncostman 21
onsetter 20
ontology 30
ooplasmic 23
oppose 14
orbit 22
orchesis 13
orchideous 17
organotropically 18
origenism 12
oropharynx 12
orthogenetic 18
oscillometry 8
osmidrosis 9
osteopedion 19
otogyps 16
otterhound 20
outsharpen 14
outstrip 14
outturned 25
ovary 17
overawful 21
overbranch 16
overcharger 16
overcomplete 14
overcopiousness 16
overdevotedly 20
overfear 17
overflutter 23
overintense 24
overjoyfully 14
overleap 23
overmask 20
overpresumptuous 21
oversoft 13
oversurviving 14
overwithered 22
ovocyte 19
ovoplasmic 14
owenite 19
oxalate 26
oxfly 19
oxyfatty 14
padcloth 14
pagiopod 24
pahoehoe 18
palaestrian 21
palikinesia 16
pallbearer 21
palmae 22
palsied 18
pantagruelistical 9
paradisiacally 11
paradoxically 20
parasynetic 16
parasystole 17
pardo 26
parridae 13
parsonish 13
pascal 19
passingly 16
pasteurelleae 15
pathogenicity 11
patristicism 12
paumari 12
paunchily 17
paymastership 18
pedialgia 14
peiser 19
pelew 14
peltless 16
pentamerism 15
penthrit 13
perfume 15
pericardial 19
peripherically 24
perispomenon 19
perjuriousness 11
permute 13
peronosporales 26
peroral 12
personalness 18
persymmetrical 19
pervertedness 17
phacocele 31
phenolize 12
phenolsulphonic 15
phlebalgia 14
phlegmaticalness 15
pholidota 21
phonelescope 15
phoneticohieroglyphic 16
phosphorescence 16
photocollotype 14
phyllorhinine 17
phylloxeridae 21
physcioid 19
phytogenetical 14
phytophthora 20
picamar 15
pictorialize 17
picus 19
pilocarpidine 14
pinchback 16
pingler 18
pinninerved 13
pipeage 19
pipestone 18
pipsissewa 10
piscivorous 21
pittidae 16
pittism 24
pitwood 28
placebo 16
plagose 16
plasmode 13
plataleiform 16
platonistic 12
playerdom 13
playmaking 14
pleochroic 14
plerotic 19
plessor 18
pluralistically 23
podometer 22
pointman 23
polabian 21
polycarpellary 14
polycentral 18
polyharmonic 20
polypidom 29
polypifera 15
polysulphide 20
ponier 18
poor 22
poorwill 20
pornographic 13
possessioner 14
postcecal 13
postcolumellar 17
postinfluenzal 9
postmillennial 12
postpositional 18
postvaricellar 15
pouchless 10
pourie 17
pourparley 10
pourpoint 23
powsowdy 13
prechill 20
predefrayal 25
predelinquency 7
preformation 22
preidentify 11
preintercession 16
prelector 28
premerit 12
prepotently 16
prepronounce 16
presearch 10
presentationist 23
presentist 13
pressgang 11
presymphysial 11
preventorium 17
preveto 24
previously 13
prewelcome 18
privately 9
proabolitionist 24
proamnion 12
probationary 19
probationism 16
procoercive 15
prodelay 12
prodigious 14
profanize 7
prohibitory 20
pronaos 16
propagator 25
prosoposchisis 11
prostatotomy 18
protect 11
proterogynous 16
protestantism 18
provincialize 16
prow 18
prurient 13
pseudoscopy 20
psiloceras 20
psycheometry 13
psychometer 19
psychosynthesis 17
ptarmic 18
pteridophilism 15
pukateine 14
pulp 20
pumice 18
puppetman 15
purpleness 17
purry 20
quadriceps 20
quadrifurcate 17
quaverous 16
quisquous 19
quiteno 17
quodlibetical 28
ragpicker 22
raindrop 15
ramentum 10
ranatra 25
rapeful 19
readoption 11
reafforest 15
rebridge 16
recitalist 10
recompliance 14
reconquest 14
recordedly 10
recorrect 18
recoverer 16
redskin 15
refill 15
refulgence 14
regrettableness 18
rehandler 21
reheal 22
reimbarkation 22
relativist 21
relighten 10
renovatingly 18
renown 21
reobservation 13
repertorily 15
repressment 23
requirer 18
resheathe 8
reshine 13
resinaceous 19
resourcelessness 22
retier 11
retinular 25
retreat 12
retributive 15
reunify 17
reviewless 15
rhabdophora 16
rhacophorus 20
rhizogen 13
rhopaloceral 19
ribat 16
rid 23
rident 8
riftless 18
rodinal 11
rooflet 14
rootwise 17
rougeau 17
router 18
ruach 10
runboard 25
saccharometric 14
saccomys 20
sadiron 20
safehold 20
safemaking 10
sagaciate 20
sailflying 16
salineness 17
salmis 17
salvy 20
sanctimonial 17
sancy 6
sarcocystis 13
sarcosepta 20
satiate 10
saturniid 14
savagery 22
sawwort 15
schellingianism 23
schepen 20
schleichera 17
sciomachy 10
scirtopodous 19
scopiform 17
scopine 19
scottishly 20
scribing 16
scripturalize 21
scripturiency 18
scrunger 20
seaflood 11
seamark 13
seashore 17
seaweed 22
segregator 11
sejant 21
semiglazed 17
semimagnetic 14
semimature 18
semimystic 14
semivertebral 15
septangled 15
septembrian 17
sequelant 12
serenity 20
seriatim 21
sermocinatrix 17
seroalbuminuria 15
serotherapeutic 17
serpentian 14
serpentivorous 17
severization 16
sexto 12
shadowfoot 11
shamer 17
shamsheer 20
shaveweed 13
shawy 12
sheard 15
shears 17
sheering 12
shieldmaker 17
shipentine 18
shipyard 19
shoescraper 11
shriver 15
shuckins 19
sibilantly 22
side 18
siftage 14
sigmodont 15
silicoacetic 21
silures 15
simon 17
simpleton 8
sinistration 12
siphonozooid 16
sirenic 14
skirmishing 20
skit 18
slasher 8
slaving 10
sling 14
slowbelly 11
sneap 13
snoeking 24
snozzle 14
snuffcolored 17
soapbox 19
solifugous 9
songlike 13
souchong 13
spaniolize 21
spermatova 16
sphacelaria 20
sphargis 15
sphingidae 20
spiculated 12
spinozistic 18
spiring 18
sponsorial 15
spoonerism 21
sporal 11
sporodochia 12
sporophytic 11
sprigged 17
springal 12
spurt 9
squinty 17
stabling 15
stachytarpheta 11
stanchion 14
starred 15
state 20
stell 21
stephane 18
stereoplasm 23
sterninae 20
sternohumeral 18
stethograph 11
stewartry 16
stinty 17
stiver 35
stokerless 16
stomatal 17
stomatoda 23
stoneweed 21
stormfulness 13
stranglement 18
streamless 16
stuprate 22
subarticle 18
subauditor 16
subconjunctival 14
subconvolute 18
subcorporation 20
subculture 13
subdivision 18
subdolichocephalic 15
subdrain 20
subfactorial 14
subincident 23
subscriver 18
subterraneanize 9
subtracter 16
subtrigonal 11
successoral 18
suckable 17
suecism 11
sulea 15
sullenhearted 17
sulphantimonate 18
sulpharsenide 18
sulphovanadate 16
sulphur 26
sulu 22
sumper 19
sunward 14
superaccomplished 14
superassociate 20
supercycle 17
superinfeudation 23
superponderancy 17
supervive 14
surmised 12
susceptive 17
swallow 18
swartish 21
swathy 17
swure 8
sybotism 13
symphonetic 12
synderesis 21
syndical 16
syntonic 19
tabernacler 11
tacheture 23
tally 14
tamely 18
tao 23
taperer 20
tarata 18
targumize 11
tasimetry 23
tauted 17
teachableness 18
teioid 13
tellinacean 27
teneral 21
tenuity 13
terneplate 17
testicardinate 17
tetanus 15
tetraploid 10
tetrathecal 17
thalamifloral 15
thamnidium 23
theophagous 15
thermoperiodism 14
thioaldehyde 24
thirdly 14
thriller 12
thujin 20
tilly 22
timeserver 30
tissued 24
titularity 19
tollage 13
toother 16
toothlet 19
toothpick 19
topeewallah 12
torrentially 20
tought 17
transgressing 37
trappose 7
traps 19
travertine 16
triamine 17
trianglewise 20
tribromide 7
tricenarious 24
trichinization 10
trichode 19
triflorous 12
triforial 18
trill 24
trimesyl 21
trireme 16
triticality 12
triumvir 22
tropical 15
truceless 19
turkeyfoot 14
turning 16
tweaker 11
twirly 14
tychoparthenogenesis 44
typhous 18
typo 21
tyrotoxicon 12
tyto 21
ubbenite 15
ulnocarpal 23
umbilically 12
umbonic 18
umbrellalike 8
umpirer 8
unadventurous 11
unalist 17
unarraignable 18
unary 15
unascendableness 17
unassertiveness 20
unauthentical 11
unaway 23
unaxled 13
unbarreled 14
unbejuggled 23
unberth 28
unbodiliness 13
unbreaking 24
unbumptious 16
unceasingly 13
uncertainness 18
uncherishing 13
uncomposed 10
uncomprehensively 15
undecorative 16
undecreed 16
undepending 21
undepravedness 22
undercase 12
undermine 24
understrapper 14
undertapster 21
undesirability 21
undeterring 11
undigestion 22
unenclosed 14
uneven 23
unexampled 21
unexcited 26
unexorcised 14
unfellowed 14
unfibbing 21
unfight 22
unflaming 20
unforewarned 15
unfrilled 18
ungelatinizable 15
ungoodly 11
unguard 18
unheathen 16
unhogged 21
unimpelled 18
uninterestingly 14
unjuicy 11
unknowingness 19
unlanded 16
unlassoed 20
unlosable 21
unmeditative 19
unmeetly 15
unmist 15
unmuddled 25
unnavigableness 22
unobserving 14
unparallelable 12
unparticularized 14
unplowed 11
unprovidable 20
unpure 11
unraving 11
unrefreshing 14
unrepined 15
unrequitedly 24
unrestrainably 10
unrooting 27
unrubrical 16
unsafe 11
unserene 15
unshakenness 11
unsinew 15
unslender 8
unsolvably 13
unspurred 12
unstethoscoped 17
unsubdivided 13
unsubduable 16
unsuffocate 14
unteachable 17
untipt 10
untreacherous 6
unusuality 13
unvaletudinary 23
unviewed 14
unwallet 12
unwariness 16
unwieldily 12
unwreaked 23
upstartism 13
upsteal 17
urartic 20
ureterocolostomy 17
urgency 12
usheen 19
usurpingly 18
utilizer 21
vacationless 20
valenciennes 14
valva 23
vaporescence 15
verisimilitude 15
verriculated 17
versant 22
verst 17
vestibulary 15
viable 11
vicious 14
viewy 20
vilify 19
vinegrower 24
visceroperitioneal 20
visual 18
vitrobasalt 17
vivid 9
wages 22
waistcoated 18
warden 16
warehouseman 20
warri 21
washbasin 17
wasteman 14
wattled 22
wauchle 17
weeble 17
welting 15
werehyena 11
wheretoever 17
whipper 16
whitehearted 11
whorl 19
wigtail 22
willowlike 16
windlasser 13
wintersome 19
without 10
wiyat 15
woader 16
woeful 18
woodwose 22
worked 12
wrothily 18
xylographical 12
yappingly 20
yeomaness 13
youl 21
zenographic 12
zeuxian 14
zimbaloon 23
zoarite 18
zonuroid 16
zosterops 26
zygodactylism 21
zygophore 19
