abandonment 12
abirritant 14
abnegative 24
abnormous 26
abolitionism 15
abrader 11
abrasion 18
absume 18
abu 18
abyssolith 19
acacatechin 19
acanthocarpous 16
acapnial 16
acarophilous 24
accendible 14
accessibility 17
accretionary 20
acemetic 15
acephalan 11
acerra 12
acetylide 22
aciliate 15
acinotubular 24
acrology 10
acromegaly 22
acroscleriasis 18
actaeaceae 11
actinophryan 9
actinotoxemia 17
actionize 16
adamantoblastoma 19
adapid 21
adead 21
adenofibroma 21
adenomeningeal 10
adermia 14
adherescence 11
adlet 17
adulatory 14
advancer 18
advisability 14
aedicula 17
aerodyne 15
afghani 14
afterclause 19
afterdays 15
aftergame 27
aftermast 19
agger 20
agglutogenic 14
aglyphodonta 16
agonista 18
agra 12
agrammatism 14
agyrate 18
ahind 17
ahungered 14
ail 15
ainu 16
aire 14
airwoman 13
akinetic 19
alantolactone 18
albocracy 18
alcelaphus 16
alcheringa 17
alcoholically 11
alcoholometrical 16
alcoholophilia 16
alcyonaria 19
aldhafera 9
aldononose 16
alen 11
alepidote 17
alexipharmic 13
aleyrodidae 9
allative 12
alleviation 21
alliterationist 19
allotrope 18
allover 20
allowably 16
allylamine 20
alodium 13
alop 15
alphitomancy 11
altaite 19
alterability 17
amalfian 17
amara 14
ambient 13
ambulatoria 15
amenability 14
amenably 23
amenorrheic 8
amicron 22
aminobenzene 18
aminoplastic 22
ammocoete 17
ampangabeite 21
amphimictical 15
amphiumidae 16
amphoteric 14
amplexus 21
ampliative 14
amply 20
amylose 25
anacoluthic 18
analogist 15
anarcestes 18
anaxial 19
ancestrally 12
anchorite 10
anchtherium 13
ancillary 22
ancylostomiasis 10
andesite 14
androgonia 9
anecdotic 13
anemometry 24
angulatosinuous 13
anhydrize 13
animotheism 24
aniseikonic 21
anisognathism 24
anisotropy 17
anitrogenous 17
ankylose 11
ann 16
annex 18
annona 37
anomalously 18
anomorhomboid 15
anorectic 15
anoxic 18
anthemwise 23
anthesterion 18
anthoclinium 18
anthologion 5
anthomania 12
anthrahydroquinone 17
anthropomorphological 16
antiadministration 12
antiaggressionist 20
antiantienzyme 22
anticapitalist 19
antilepsis 18
antimaterialistic 16
antioxygenator 17
antiparliamentary 19
antiphlogistian 16
antiplurality 19
antipodism 17
antiprime 21
antiricin 14
antiritualistic 17
antisnapper 23
antivivisectionist 25
apathus 27
apiaceous 17
apiculus 18
apiologist 17
apocarpous 20
aporose 17
apostatically 22
apotelesm 19
appendical 18
applosive 22
appoggiatura 18
apt 18
aptitudinally 14
aquinist 16
araeostyle 23
arbitrament 13
archaeologist 16
arched 22
architraval 10
archmime 8
archplagiarist 17
arctalian 14
argestes 17
argosy 11
arrear 25
arrentable 20
arrhenotoky 17
arriswise 19
arrowworm 7
arsle 14
arsoite 22
arthrodira 19
arthrogastra 9
artotypy 18
arvicolinae 12
ascogonidium 18
ashen 16
askingly 21
aslaver 12
aspergillum 17
asphaltic 11
assailment 12
assert 20
aswing 21
atalan 19
ataraxia 19
atelectatic 36
athelia 20
athrocyte 16
atlantomastoid 25
atriocoelomic 17
attinge 21
australian 21
autarkic 10
authenticate 19
authenticness 17
autogauge 14
autotheist 14
auxiliatory 20
avuncular 13
awakable 15
awaruite 18
awheft 20
axogamy 15
axtree 19
azotetrazole 19
baahling 17
babesia 20
babhan 22
babylonic 26
baccheion 20
backbencher 15
backscraper 23
backspacer 13
bacteriopurpurin 24
badly 21
bafta 14
bagged 16
bailment 25
bala 19
balanite 22
baldling 16
ballproof 20
balsamation 13
balsameaceous 15
bandanna 19
bandiness 18
bangala 18
banneret 20
bannock 13
banterer 10
barkometer 18
baroco 14
barred 19
barrikin 16
basophile 18
bateman 11
bathybian 16
baudrons 14
bavin 19
bawdship 13
bea 17
beadlike 13
bebannered 11
becousined 12
bedare 19
bedoctor 22
bedunch 16
beegerite 19
beermaking 20
beetrooty 19
befall 17
befilch 16
beggarism 16
begrutch 14
beguiler 16
behavioristically 17
beheadal 15
beige 13
bellmanship 12
bembex 24
benedictus 15
bennettitales 15
benzolize 22
beothuk 22
bepommel 15
bepurple 21
berengelite 11
bernoullian 17
bescatter 18
besigh 15
bestrew 13
betusked 23
beweep 19
bibless 17
bibliosoph 20
bibliotaphic 12
bicolor 12
bicorporal 18
bidens 15
bigarade 13
bigener 13
biggin 11
bimillionaire 15
binoxalate 18
biological 15
birching 16
birddom 9
birkeniidae 17
bisexuality 14
bishopling 23
bitterling 12
biunial 16
blacky 15
blankeel 25
blanquillo 10
blastodermic 20
blastostylar 20
blee 17
blenniiform 16
blessing 16
blistering 20
blitheness 15
bloodcurdler 13
bloodfin 18
bloodflower 14
bloodstain 16
blotter 12
blowiness 17
blowtorch 19
bobierrite 22
bodement 13
bohemianism 18
boled 21
bondager 20
bonding 12
bonfire 15
bononian 14
boomingly 17
bootless 14
boreable 16
botryomycoma 17
botryose 17
bottom 13
bouquet 23
bowery 21
bowmaking 15
brachycephalous 20
brachypnea 18
brainlike 11
brass 15
bravuraish 18
brawly 15
breacher 17
breadnut 16
breastplate 12
brin 18
brokeress 14
bromacetate 15
bromocyanide 11
brookless 7
browis 16
browntail 17
buba 20
buccinoid 12
buckety 15
buckler 13
buduma 17
bulimy 18
bumble 18
burrah 18
burtonize 19
bushmanship 14
butanal 22
butcher 18
butterless 11
byssoid 19
bywork 17
caback 14
cacotype 13
cacuminate 16
caftan 16
cainish 22
cainite 21
calelectric 25
calfkill 11
calk 27
callously 8
calycifloral 19
calycophora 20
calycozoa 17
camerist 20
camp 22
campylotropous 20
cancerigenic 14
candescent 12
candroy 40
caneology 18
canescent 15
cannel 17
canopic 16
cantoon 19
capillaire 16
capitolian 18
carabideous 17
carancha 12
carburetant 22
carburetor 22
carcinologist 24
carcinomatoid 15
cardamine 8
cardiorrhaphy 18
cardiosphygmograph 15
caress 17
carid 14
carnival 14
carol 20
cartogram 12
carucated 19
casavi 14
castellate 12
catallactically 16
catberry 15
catocalid 21
caudex 13
caulinary 17
causticiser 23
cavalierish 14
cayman 25
cayubaba 15
celiotomy 19
cellarage 18
cellulitis 14
centermost 24
cephalitis 15
cephalometer 20
ceria 17
cerithiidae 18
cessavit 16
cessionaire 11
cest 11
chabot 22
chacte 25
chairmending 19
chakra 14
chalcedonic 19
chalcotript 11
cham 11
chamos 19
chantable 12
characterizable 17
chasuble 16
chatillon 16
chauvinistically 18
chavish 18
chaya 18
checkhook 21
cheeringly 18
cheerlessly 25
cheiropompholyx 22
chelicer 19
chemotaxis 15
chiapanec 19
chicanery 15
child 22
chimalakwe 20
chiriguano 19
chironomic 15
chiroplasty 14
chiropod 15
chloralize 14
chlorosulphonic 13
chockablock 22
choirwise 16
chondroclasis 17
chondroglossus 15
chondrostei 16
chorioidoiritis 19
chorus 17
chromogen 18
chronogrammic 12
chrotta 19
chrysophyllum 15
chylific 18
chyme 17
ciborium 42
cicatrization 17
cinquecentism 15
cionocranian 10
circular 19
circularism 19
circumnavigable 12
circumoral 25
circumspect 16
citatory 18
civilizational 22
clachan 22
clanjamfrie 18
clankless 16
clarion 20
claspt 13
clawker 17
cleanly 8
clearskins 20
cleavage 14
clericalize 20
climacterically 23
clique 16
clitocybe 17
cloacinean 16
clod 18
cloisteral 16
clonism 14
clootie 21
closehanded 20
clownship 16
cluck 16
cluniacensian 6
cneoraceous 23
cnidocil 19
cnidosis 22
coacervation 15
coassist 21
coca 16
coccidae 17
cochranea 15
cocuswood 18
coeditor 17
coenamorment 17
coengager 17
coexistent 15
cognominal 21
cohesion 11
coldheartedness 10
coleus 18
collenchymatous 19
colleri 31
colline 17
colossal 17
coltishness 12
combat 18
commandable 12
commonsensibly 13
communicative 20
companion 14
companionway 16
compatibility 20
complementarism 21
compsilura 19
compulsatorily 20
compurgation 17
computably 14
conchyliferous 15
concoctor 15
concretional 19
concubitant 24
condylure 18
confabulate 13
confederater 17
confederatism 14
conferment 14
confervoideae 18
confiscable 14
confiteor 22
confronte 14
conimene 13
conjecturer 20
connexive 20
connumeration 16
consolamentum 14
constitutional 16
contagioned 17
contraceptionist 21
contravene 20
contrive 12
convalescence 17
convert 17
coo 14
cookee 20
cooperia 12
copal 17
coprides 10
coprolaliac 12
corallike 18
corallite 19
cordiform 18
corncracker 16
corroboratory 18
cosheath 14
costogenic 17
costoinferior 26
coterie 21
coto 19
cottonmouth 17
coughroot 18
counterargument 20
countercross 26
countercurrentwise 18
counterformula 19
counterhypothesis 24
countfish 9
coupleress 11
couponless 18
cow 13
cowhearted 12
cowherb 13
coxcomical 13
crack 19
cramping 13
crandall 18
cranesman 23
cranioclasty 16
crateful 14
creakingly 15
creatureship 13
creditrix 11
creekstuff 21
crescendo 12
cricetus 17
crofter 15
croissante 15
crosa 19
crotaphite 13
cryptoglioma 25
cryptomeria 16
ctenostome 16
cubbishness 22
cubitopalmar 11
cuculus 13
culinarily 16
cumberer 19
cumberlandite 21
cunctatury 29
curettage 19
cush 19
cyanbenzyl 15
cyanole 26
cyclization 18
cyclocoelic 16
cyclohexyl 14
cygnet 12
cylindruria 15
cyperaceae 21
cysticercoid 17
dame 9
darjeeling 19
darkener 24
dasypaedes 15
deamidation 15
death 21
debark 22
debtless 21
decahydronaphthalene 17
decapoda 19
decenary 18
decillion 15
declinedness 16
decrepitness 20
dedanite 25
defenselessly 17
deflorate 18
deidesheimer 19
deinotherium 13
dejected 10
delightingly 15
delimit 16
delusory 10
demissly 20
demivotary 16
demonologist 16
dendroidea 8
depancreatization 9
departer 18
depict 16
deploredly 10
depravingly 18
derange 16
dermatoptic 20
derry 15
dertrum 17
deserter 21
desertic 19
desma 19
desperado 24
desponder 25
despotism 19
desynaptic 12
detracter 17
detritus 19
detrusive 13
deuterostomata 14
deuterotype 27
developability 17
developoid 23
devisee 13
devisor 28
devotedness 18
devotement 21
diabolist 20
dialyzability 14
dicoccous 13
dicyanine 30
didactyl 15
differentness 13
digging 17
digitoxose 21
dignitary 16
diipenates 15
dilatometer 21
diminuendo 15
dink 19
dinmont 23
dinophilus 19
dipartite 15
diplomatize 20
dipropyl 20
direct 18
directoral 16
disaffectedly 16
disastrous 16
discifloral 17
disconform 18
discontinuance 12
discourage 15
diseased 25
disilicane 16
disillusionize 15
disinvolve 10
dispatcher 24
dispend 16
dispersion 18
displacency 20
dispractice 18
disprize 7
disproportionateness 17
disrump 24
dissectible 18
dissectional 32
dissonant 18
diverticle 20
docentship 15
dodecarch 20
dodecasemic 18
doftberry 18
doggone 9
domineeringly 14
doodia 14
doohickey 19
downswing 23
dracontine 15
dragoonade 17
dripstone 17
dromograph 24
drumhead 21
dryobalanops 14
duenna 15
dukker 16
dulcinea 18
dulcitude 17
dullbrained 16
dundasite 24
duodecimal 18
duodena 16
duodrama 14
duryl 6
dykereeve 17
dysmorphism 18
dysneuria 22
dysyntribite 12
dytiscid 17
ebenezer 10
ebionize 16
ecchymose 18
ecclesiast 10
ecuadoran 17
educible 17
elapse 17
elastomeric 16
elberta 17
elean 24
electrochronometric 15
electrographic 15
electronarcosis 17
eleemosynarily 22
elkanah 13
elytroid 14
embossing 17
embryology 18
emmetrope 21
empaistic 18
emphatical 21
emphlysis 16
empyreuma 21
enamelware 13
enchain 11
enchalice 12
encode 17
encyclopediast 17
endocrinopathy 19
endosarc 14
endosperm 15
eneugh 25
engager 16
engaze 27
engrammic 19
engrave 16
enhedge 11
enlight 16
enterolith 21
entomological 16
entoolitic 16
enumerator 12
eosaurus 6
epicyemate 20
epigeous 21
epigraphically 12
epimedium 17
episiorrhagia 20
episkeletal 21
episyllogism 17
epithelioblastoma 18
epulosis 18
equanimously 16
equicurve 12
equinity 14
equiradiate 14
equoid 23
eradication 20
erethism 12
ergostat 16
erinose 19
erioglaucine 14
eriometer 16
erudite 22
erysiphe 14
escalin 23
eschatological 11
esoterica 15
esquiline 13
essoinment 19
eternal 22
euclase 21
euphonic 20
euphyllopoda 21
eurygnathic 14
euryprognathous 21
euryprosopic 15
eurypygae 17
eutaxite 16
evadne 13
evansite 34
event 17
eviction 18
evidencive 20
exceed 18
excommunicator 18
excrementitiousness 17
execratively 15
executional 14
exegetics 12
exeresis 14
exocardia 20
exocentric 18
exophagy 17
exothermic 22
expatiator 21
expiry 17
exploratively 9
extendibility 12
externally 14
extradition 17
extraessential 23
extravagance 18
extrinsicate 14
extruding 11
facies 19
factish 12
factorization 16
facula 22
fagaceae 18
faggingly 15
faience 17
falcade 14
fallibly 16
fantasticate 22
faradic 17
farinulent 15
farmost 9
farness 15
farnovian 19
fastidiously 11
fathomable 18
fauces 22
faunistic 12
favosite 18
fawningness 17
featherhead 18
feathering 27
featherless 22
feedman 16
feldspathoid 27
felsobanyite 13
femoral 21
feoffor 18
ferromolybdenum 13
feud 18
fezziwig 20
fibbery 21
fibriform 17
fibrinopurulent 22
fibrosis 14
figless 17
filesmith 22
filiety 13
filmogen 30
filterableness 11
finestiller 19
finically 18
firmisternial 10
fiscalify 17
fishberry 19
fissidens 18
flaunt 17
flexural 16
fley 20
floccose 13
flogmaster 10
flotorial 14
flouting 21
fluctuation 19
fluently 16
fluidification 15
fluted 20
fluxer 14
flytier 20
foggish 9
folkmot 16
fondlike 21
foolery 19
footback 21
foraneous 17
forcipated 18
forcipiform 22
foreassign 13
forecastle 12
forecover 13
foreimpressed 17
foreknowing 25
foresighted 21
foretoken 13
foreview 16
foreword 19
formful 14
formulation 15
forte 18
fortieth 27
fortunetell 13
fossiform 19
fossiliferous 16
fossilify 22
fougasse 13
frank 13
franticly 21
frayedness 17
freeboot 17
freeish 15
freely 20
fremdly 17
frication 16
frightable 17
frike 21
frockmaker 19
frower 19
frowning 13
fuelizer 20
fumigatory 16
fumosity 18
functionary 13
fungi 19
furfuryl 12
furry 14
futilely 20
gabe 12
gaduin 21
galactoside 19
galactotherapy 23
galenic 20
gallification 18
gallify 22
galloper 20
galop 19
galt 24
gammaridae 12
gandum 15
gangliar 17
garabato 17
gardevin 15
garliclike 17
garrison 16
gashouse 20
gaum 22
gaw 9
geelbec 16
geezer 17
gel 16
gelatigenous 15
genteelly 10
geophilid 12
geophilus 16
geotherm 19
germanistic 10
gershonite 13
gesning 17
gey 15
geyan 22
geyserish 17
ghostlify 13
gibbousness 12
gigantostracan 14
gigartinales 18
gigmanity 19
gimmick 16
gingival 14
ginglymostoma 20
ginners 14
glabrate 15
gladden 22
glaucine 17
glaucophyllous 15
gleeful 15
globally 20
glomerulitis 16
gloom 12
gloomy 16
glossanthrax 18
glossectomy 22
glossoplasty 11
glowworm 22
glucosidal 16
gneissic 18
gobiesociform 16
goclenian 14
godfather 14
godliness 10
gondi 19
gonyocele 9
googolplex 15
goosander 13
gorgonian 12
goshawk 28
got 19
goujon 12
gove 23
gowkit 13
goyim 15
grandeeship 20
graptolite 12
graupel 21
graveolency 17
gravimetry 11
greekling 16
greencloth 20
grosso 11
groundable 22
grown 21
grudgingness 26
gruss 14
guarea 35
guestive 12
gunbright 20
guncotton 16
gunnery 19
gunpaper 31
gunrack 19
gurge 16
gutturalize 11
gym 14
gymnarchidae 24
gymnasiarchy 28
gynostemium 18
gype 16
hadland 13
hagborn 14
hagiolatrous 17
hagship 17
hallucinatory 13
halobates 19
hamrongite 16
hamster 10
hamstring 16
hanging 21
hangman 12
hankie 22
hano 17
harderian 16
hardmouth 6
hardstanding 15
harebrain 16
harebrainedness 12
harfang 24
harmonicalness 24
harstigite 20
haustral 17
havildar 13
hawbuck 14
headachy 16
healful 27
healsome 14
heartdeep 12
heartwood 15
heavenize 17
heavyheaded 11
hebetation 17
hebetudinous 20
hebraica 16
hecatomped 15
heckimal 13
hectically 21
hedging 18
hedyphane 15
hem 15
hematein 17
hematocyst 20
hemicrystalline 11
hemidomatic 13
hemikaryotic 16
hemiramph 21
hemitropism 14
hemocytotripsis 17
hemokonia 15
hemoptoe 22
hennebique 17
heptahydroxy 22
heraclidae 9
herbaceously 22
herbartianism 18
herbescent 20
herculanean 16
hereamong 16
hereditative 18
heredity 19
hermetic 13
herniate 17
heroineship 19
hervati 17
heterodontidae 15
heterometabolism 10
heteromorpha 8
hexadiyne 16
hexasulphide 14
hibernia 16
highlandman 13
hippuris 17
histotherapy 22
hitoshi 10
hogreeve 13
hoistway 20
holobenthic 19
holocrine 18
holognatha 13
holophotometer 14
holostean 21
home 20
homeland 17
homiletical 14
homoeomery 22
hooch 22
hood 16
hoople 15
hoper 11
horizontalize 10
horsfordite 25
houri 14
householder 11
householding 11
hugo 21
hulsean 15
humeral 15
hunchakist 23
hunt 12
hurt 20
hurtingest 15
hyalogen 20
hydnocarpate 8
hydracrylic 11
hydrofluosilicate 23
hydrophylacium 17
hydrosphere 11
hyetographic 17
hylism 13
hymn 20
hyperacuteness 15
hypercube 23
hypermyotrophy 16
hypertetrahedron 20
hyperthyroidism 20
hypertrophy 14
hypoblast 11
hypocarp 17
hypocathartic 20
hypogenous 18
hypokinesia 10
hypolydian 19
hypomere 17
hypospadiac 13
hyposynergia 15
hypsodont 24
hysterolith 12
ibididae 15
ibsenism 16
ibycus 17
identicalness 12
ideogenetic 23
ideoplasty 13
idiomatical 13
idoistic 17
ihram 16
illuminize 16
illustration 17
imagism 10
imbrex 17
imbricated 23
immane 17
immotile 13
impassioned 14
impedingly 20
imperativeness 18
implosively 21
impollute 15
impressibleness 12
inadequately 12
inaurate 19
incarnant 9
incautiously 17
inchoate 17
inclement 18
incoherentness 16
incommensurableness 17
inconsolability 13
indebt 24
indefeasibility 14
ineptness 33
inertance 19
inevadible 19
inexhaustibility 14
inexpressively 19
infamiliar 16
infectiveness 18
infirmarer 17
ingenuousness 15
iniquitable 13
injurable 18
innominate 11
inoffensively 23
inopportunism 17
inoxidability 16
inscription 18
insecurely 20
inspectional 17
inspissation 12
integralization 10
intensative 15
interatrial 16
interclavicular 14
interconvertibly 18
intercostobrachial 14
intercourse 17
interestless 19
interfibrous 18
interfinger 18
interisland 18
interlocutory 13
intermediatory 18
interminant 20
internment 19
interpause 16
interplight 15
interprovincial 23
interreceive 15
interrogator 20
intersuperciliary 13
intertonic 27
intestinovesical 14
intracystic 11
intraneous 18
intransitivity 16
intrapsychical 15
intriguingly 16
intuent 27
invalescence 18
inventurous 20
inversion 15
invertibility 32
invertive 19
inveterateness 20
iodothyrin 14
ipecac 12
iranist 17
iridectome 18
irreflexive 13
irrelate 19
irrisoridae 23
isabelita 14
isodynamic 12
isogenesis 26
isopolity 24
isoscele 15
iterant 18
ivylike 16
japanner 13
jaquesian 18
jarless 21
jaunt 23
javanese 17
jawab 16
jejune 19
jenny 16
jerkwater 19
jinrikiman 10
jobbery 24
josephinite 12
jot 18
jours 21
juga 24
jugal 17
jutting 25
kalekah 16
kaneshite 15
katsuwonidae 25
kenoticism 18
keraphyllous 15
kerflap 19
ketene 19
ketosuccinic 18
kettle 20
khadi 19
khasa 15
kindergartener 20
kitunahan 15
klan 12
knee 19
knickknacket 13
knight 17
knitback 16
knobbly 12
knotwork 17
kolinsky 16
koller 19
kory 16
krennerite 13
krocket 16
kwakiutl 9
labour 18
lactenin 17
lactoside 11
ladderwise 18
laddikie 25
lagopodous 18
laich 20
lakelander 14
laminae 19
lammergeier 15
lamziekte 17
langhian 14
lankness 17
lapsed 8
lascivious 10
lasiocampoidea 10
laumontite 23
leaguer 20
lecaniid 17
legionary 20
legislatress 17
leigh 18
lendable 20
lenten 20
leontiasis 15
lepidosis 20
leptomeninx 16
lepus 14
lessive 14
leucoplakia 14
levelish 19
lewisian 15
lexicographical 19
libocedrus 25
lichenaceous 15
lickspittling 14
lignicolous 20
lignitize 17
lignosulphonate 12
lineolated 23
linguatula 20
linguistics 11
linie 13
lipoceratous 20
lipothymial 17
lira 26
lissencephala 14
lithy 12
liverberry 15
lobate 14
lobular 22
lobulous 19
locellate 20
locomobile 13
locomobility 19
longbow 25
longfelt 14
longimetry 18
looking 15
lophocalthrops 21
louey 18
lovably 14
lubricous 24
lumbar 12
lumpily 22
luncheonette 25
luster 16
lycodoid 22
lymphogenic 19
lymphostasis 13
lys 17
lysimachia 17
macilence 18
macropsia 16
macrozoospore 16
madrigalist 18
mae 5
magani 21
magazinism 17
magnetophonograph 25
maiefic 20
malakin 23
mallangong 12
mallow 15
malnutrite 13
maltobiose 15
mammonism 16
mancipatory 14
maneuverable 17
mannheimar 14
mans 18
mantling 11
marchantia 18
marcia 15
marco 14
marilla 21
marly 23
marrowless 20
marrowskyer 19
marsileaceous 19
masseur 15
masterlike 19
mastigate 13
mastigobranchia 17
matalan 15
matriarchic 16
matriarchy 19
maturely 17
maudle 18
mawk 16
maximize 16
mayweed 13
me 14
meaningful 15
medialkaline 17
medieval 19
megalithic 11
megalodactylia 19
melancholiously 15
melanosarcoma 21
meleagrina 16
meliceric 17
melilotus 17
memorizer 10
meningoradicular 10
menispermine 21
meny 9
mercapto 16
mesectoderm 16
mesenchyme 12
mesitidae 16
mesopodiale 13
mesothelial 13
messroom 19
met 19
metabiotic 14
metadromous 9
metallochromy 18
metatarsus 26
metheglin 16
methoxide 21
metopoceros 21
metosteal 18
metropathic 17
metze 14
meward 15
micro 19
microlevel 22
micromillimeter 20
microsporidia 12
midshipmite 9
mijakite 13
millcourse 21
milliamperemeter 18
millinormality 12
milo 16
miltwaste 17
mimetite 13
mirish 18
misappellation 17
misceability 9
misimprove 18
misproceeding 20
misrecollect 17
mistime 20
mistresshood 16
misunderstanding 15
miszealous 17
mitella 17
miurus 19
mobula 15
modern 18
modestness 18
modiolus 18
modulability 20
mogiphonia 15
mohawkian 15
moloch 18
molybdophyllite 17
momentaneousness 14
monera 13
money 14
moneygrub 19
monimiaceae 19
monoamino 12
monobromized 21
monochromatism 19
monoeciousness 15
monograptid 23
monopolization 10
monorhinal 16
monstrate 11
montanan 13
montauk 17
mopan 19
mopishly 22
morphinist 12
morphinomania 13
morphoplasm 10
mosaic 21
mou 10
mountebankism 14
mousey 22
mpangwe 14
mucivorous 17
mudless 16
mugearite 21
mulctation 14
mullidae 19
multidirectional 13
multisiliquous 14
munge 21
munjistin 17
muphrid 12
mushed 17
musicalize 13
musicophilosophical 17
musquashroot 12
myrmicid 12
myrmicidae 18
mysore 18
mythicist 18
myxoma 15
n 20
nandi 14
naric 16
nationwide 14
nauther 18
nautiloid 12
naw 18
nazarate 17
necturus 15
neftgil 14
negatedness 17
negativism 22
neglector 15
negro 11
negrophobist 20
neist 16
neontology 13
neoteric 9
neovolcanic 15
nephograph 22
nerveless 16
nervimotor 15
neurocoelian 12
neurokyme 17
neuromimesis 18
nibby 12
nicotinic 22
nidicolous 17
nidifugous 17
nidulariaceous 22
niggardling 25
niklesite 15
nocerite 14
noctiferous 13
noisomely 18
nomothetic 14
nonabsorbent 13
nonanalyzed 17
nonanonymity 17
nonappearing 17
nonascertainable 15
nonassimilating 12
nonastronomical 20
nonauthoritative 15
nonbeing 17
nonbranded 16
noncategorical 18
nonclaim 16
noncognitive 14
noncoking 20
noncollusive 21
noncommunicating 16
nonconcentration 21
nonconductibility 12
nonconsenting 20
noncontent 16
noncontiguous 20
nondatival 19
nondefense 16
nonentityism 19
nonethnological 21
nonexistential 19
nonextinction 14
nonhuman 21
nonimprovement 21
noninternational 13
nonlixiviated 13
nonmonotheistic 19
nonorchestral 24
nonperforated 16
nonperiodic 16
nonpersonification 20
nonpossession 16
nonrayed 49
nonreflector 24
nonremuneration 14
nonrepetition 20
nonsecrecy 16
nonsludging 22
nonsolvency 20
nonspiral 16
nootka 25
normanist 23
northern 16
northernness 24
northmost 14
nosebanded 13
notencephalocele 25
notholaena 25
notocentrous 15
notonectal 18
notorious 14
noumenalism 18
novodamus 25
nowt 16
nubian 11
nubility 23
nucha 11
nudist 17
nuke 12
nukuhivan 18
numerably 14
nutrify 22
nutrimental 9
nutseed 16
nyctaginia 14
obliquity 9
obsolesce 20
obtention 19
occludent 16
occluse 16
octobrist 9
octoradial 22
oculozygomatic 22
odoriferosity 15
offensive 22
offscouring 19
oglala 18
oilmongery 11
oily 8
olecranal 18
oleo 15
oligemia 21
oligidria 15
oligodendroglioma 8
omentorrhaphy 16
omniscience 15
oneirologist 22
oneirology 15
oniscoid 19
onsweep 25
opacousness 23
operette 18
opinionately 11
opisthorchis 19
oppilate 17
opsonin 13
optionalize 19
orchioscheocele 16
oreas 14
organogold 20
organolead 17
organophonic 12
originist 18
orniscopy 21
ornitholite 15
orthopterous 13
orthosilicic 17
orthotonesis 20
oscillator 25
osmiridium 17
osphresiologist 18
osteectopy 16
osteometrical 14
otoplastic 13
ourself 19
outban 10
outblow 15
outbreath 21
outen 22
outfreeman 13
outgaze 10
outgleam 14
outlimb 14
outnight 20
outriding 13
outwear 23
outwith 16
ouzel 17
overaccumulate 20
overage 18
overagonize 20
overcompound 13
overdecoration 13
overdesirousness 16
overfamiliarity 23
overhanded 18
overintellectual 19
overlaxative 15
overpartially 8
overplow 20
overrennet 17
overscatter 14
overskipper 16
overslow 17
overtension 16
overthwartwise 16
overwasted 20
oxyhydrogen 28
oxyphyte 10
oysterwife 22
ozonous 20
pachyacria 15
pachyderma 17
packly 11
pagurinea 15
pahoehoe 14
palaeobotanical 21
palaestral 19
palar 20
paleoencephalon 20
palinodist 23
palmula 13
palustrine 22
pamlico 20
pamperedly 12
pampootie 16
panacea 11
panchromatization 18
panhellenist 12
pantiled 24
panto 18
pantographic 17
pantun 14
papally 16
papyrographer 16
parafloccular 19
paragraphically 10
paragraphize 14
paralambdacism 14
parallelodrome 15
parallelogrammical 12
paratomial 11
parine 19
parlance 15
parnas 16
parquetry 13
partitionment 20
pasilaly 11
pasqueflower 17
passado 15
pastoralize 18
paten 14
pathopoiesis 10
patrico 12
patronizer 19
pattern 15
pavisado 15
paxillar 23
peanut 22
pectinacean 14
pectination 17
pedalier 16
peduncle 23
peduncled 19
pelioma 21
pellate 15
pelliculate 17
pentatonic 17
perambulation 20
pereion 14
periapt 12
periarctic 17
periarterial 11
perichylous 19
perimeter 11
periorbita 18
periosteomedullitis 17
periostoma 16
peripherophose 13
peristeromorph 17
peristomal 12
perithecium 16
perosomus 22
perula 22
petrol 27
petrophilous 20
phalloplasty 25
phantasmality 11
phareodus 14
pharmacology 12
phasianic 14
phengitical 18
phenoloid 10
philatelical 17
philatelistic 12
philter 23
phlegmonic 12
phonographer 19
phosphorogenic 17
photoceramic 21
photoelectrotype 13
photomezzotype 16
phototypist 11
phrenologically 17
phthalazine 14
phthaleinometer 18
phycology 13
phyllocaridan 16
phyllomic 13
phyllosoma 19
physeteroidea 11
physharmonica 17
physiocratism 21
physiognomist 17
phytolithologist 12
piacularness 14
piazzaless 18
picae 17
piciform 17
pickery 14
pickwork 12
picnickian 13
picofarad 8
picturer 18
picturesqueness 17
pigfish 19
pilastering 16
pilotaxitic 18
pilulist 18
pilus 18
pinchcommons 17
pinguescent 14
piperazine 25
pistilliferous 18
pitchblende 21
pitiably 29
pittine 14
plainhearted 11
plaintless 17
planable 8
planiform 21
planury 19
plasmoma 14
platinic 22
pleasurement 17
plebe 10
plenitude 11
plerome 17
plesiobiotic 16
pleuron 16
ploy 23
plunther 13
plutonic 19
pluviometric 19
pluviometry 8
pneumococcus 11
poikiloblastic 13
pointswoman 16
politicizer 17
poller 10
polychrome 15
polychromia 11
polygenetically 15
polyglobulia 25
polygonum 14
polymyarian 12
polynome 11
polynomialist 18
polyphoned 15
polypotome 14
polyprotodont 13
polyzoism 15
ponderant 19
populational 12
porkery 13
porphyrous 21
portglave 17
postdiluvial 23
postdiluvian 20
posterist 18
postpycnotic 17
postpyretic 16
postrorse 13
postuterine 21
poverishment 14
practicianism 16
praelabrum 20
praisworthily 15
prank 16
preachification 23
preacid 13
preadvisory 18
preaffidavit 18
preaffirmation 19
prebelief 21
prebendate 24
precedence 23
preceptorial 14
preceremonial 16
precession 17
precipitability 14
precomplicate 15
preconduct 21
precooker 17
precriticism 17
predemand 13
predentata 10
predentate 18
prefamous 14
prefer 15
prefixation 24
preformistic 20
prefraternally 13
pregenerous 18
pregust 15
preheal 15
prehumor 13
preimpression 18
preindulge 22
prejudication 16
premeditation 19
prenticeship 16
prenursery 14
prepenetrate 13
preremorse 18
presanguine 20
prescutum 14
president 27
presuitable 15
presymphony 26
preternaturalism 19
preterregular 16
prevalidly 10
priapulacea 18
primate 18
print 14
prizer 14
proalliance 11
probaseball 12
problemize 24
probrick 11
proconsulate 17
procrusteanism 17
prodenia 13
proequality 16
prognathism 21
progredient 25
progressionally 15
proletairism 20
prolicide 18
promontoried 20
promptuary 13
propaedeutical 11
prophetic 20
props 17
prosiphon 13
protervity 18
protium 18
protoclastic 15
protococcoid 20
protocolization 19
protonymphal 18
protopapas 17
protoplasma 17
prototypically 18
psalmister 17
pschent 21
pseudapostle 17
pseudobrachial 21
pseudoceratitic 20
pseudofluorescence 17
pseudofoliaceous 17
pseudoleukemic 14
pseudomonastic 16
pseudomorphine 15
pseudoproboscis 13
pseudostalactite 18
pseudotuberculosis 19
pseudovary 17
psoriatic 20
psychodispositional 12
psychodynamic 11
psychology 17
psychorhythmic 17
psychosarcous 19
ptarmical 22
pterographer 8
pterostemonaceae 16
pterostigmatical 18
puchanahua 16
pudibund 19
puffball 24
puffingly 19
pugnacious 15
pulmobranchiate 18
pulmonarian 15
pulpamenta 10
pulveraceous 12
punkie 19
pup 15
pupigenous 15
purpose 17
puzzlingness 13
pygostyle 11
pyopericarditis 16
pyrazolyl 14
pyrophobia 18
pythian 18
pythic 14
pyuria 20
quadrangle 14
quadriparous 20
queal 15
quercus 18
questionability 14
quiescently 12
quinic 16
quinine 14
quinolinic 16
quinquatrus 17
quinquecapsular 12
quippy 15
quotableness 14
quoteless 27
rackboard 18
radicivorous 17
rageous 15
rajeev 24
rallentando 23
ramulus 28
rareripe 15
rascalize 17
rathskeller 21
rationless 19
rattoner 13
ravindranath 15
rearling 20
reassess 21
reaver 14
reboisement 17
rebuild 18
rebukeproof 13
recessive 19
rechisel 14
recoal 20
recognizingly 15
reconciliability 17
rectangular 21
rectangularity 13
rectitic 18
rectoscopy 14
reductorial 25
reeded 16
reediness 17
reestle 14
refascinate 19
reflorescence 13
refocillate 21
reforestization 19
refractional 16
refurnish 22
regelation 16
reimmigration 24
reimport 13
reimposure 19
rejoicingly 16
relatch 21
releap 19
remuster 10
renege 22
reorganize 27
repaganization 13
reprehensible 13
reproceed 17
resalable 16
resepulcher 17
reservice 18
resounding 15
resplendent 16
responsibility 15
restlessness 24
restopper 19
resuspend 13
retail 16
retainder 22
rethicken 18
reticuled 15
retrievement 18
retrocopulation 13
reunite 18
revocatory 14
revolutionizer 18
rhapsodist 13
rhinenchysis 22
rhineodon 16
ribbonman 13
ribe 12
richesse 13
rifledom 19
riftless 15
rimmaking 16
rimy 21
ringgoer 14
riotry 13
riveter 14
roadable 13
robinet 20
rondeletia 17
rooker 14
roperipe 17
ropish 10
rosenbuschite 21
rouman 22
roundtail 18
routinization 19
royet 22
rubescent 13
rubia 17
rubiate 24
ruinatious 23
rural 13
rynchosporous 18
saccharomycetaceous 8
saccharum 14
saccopharynx 17
sacro 14
saggy 16
sah 22
salamandroid 15
salicylic 8
sallyman 15
salomon 16
salpinges 14
salpingocatheterism 18
salta 12
salvationism 18
sambal 16
sambucus 13
samothere 14
samsonite 17
sanctifyingly 19
sao 18
sarcasticness 20
sarcosoma 21
sarkar 13
sarment 16
sassy 16
satisfactional 22
satisfactorious 32
saurischia 15
sauvegarde 10
saviorhood 16
savonarolist 15
sawdustish 16
scalder 28
scania 29
scarlatinous 15
scarrer 21
scaup 14
scharlachberger 18
schillerization 18
schistosomia 20
schizopodous 18
schizostely 17
schizotrypanum 12
scholarism 17
scholarless 14
school 18
schoolmastership 13
scincoid 17
sclerogenous 11
sclerotinia 17
scolion 16
scoliosis 15
scombroidean 16
scowbanker 11
screening 17
scribable 10
scrobe 11
scrobiculate 14
scuddawn 9
scurrier 27
scutella 20
scyphozoa 25
secreta 23
sedan 14
seduce 14
seepage 28
seggrom 15
selaginaceae 19
selaginellaceous 18
selenotropic 17
selvedge 14
semese 23
semidrachm 14
semifabulous 12
semiglobular 17
semimajor 19
seminormal 14
semioblivious 16
semipermeable 12
semirebellion 14
semitrimmed 15
semitubular 10
sensualization 19
septemfoliolate 11
septemvirate 14
serific 14
serophysiology 19
serpulae 17
servomechanism 11
sesquiquarta 16
sestole 16
setterwort 20
severian 19
sewerman 19
sexisyllable 30
sexradiate 19
sextactic 16
shabuoth 15
shad 20
shadowable 31
shaigia 13
shakable 14
shameful 24
shatter 17
shellflower 23
shepherdism 19
sherifate 15
shielddrake 21
shiftlessness 16
shivaite 21
shocking 13
shoddyward 10
shoop 16
shovelmaker 16
showup 20
shuttance 14
sialogenous 14
sibness 30
sicknessproof 11
sidewipe 15
signalize 17
sikinnis 23
siliculose 11
siliquiform 17
silverling 22
simplist 13
simulance 27
sinkiuse 13
siphonales 16
siphonial 13
sitosterol 19
sixtus 10
sizeable 14
skete 18
skomerite 16
skyey 13
slightily 13
slipperweed 17
smallen 16
smaragd 18
smashingly 19
smeuse 21
smirker 10
smitten 13
smokeproof 16
smoodger 20
smoothpate 14
smurry 24
snappable 10
snapwood 15
snelly 17
snippet 20
snooker 20
snouch 17
snowless 21
snowshed 10
sobby 18
sobrevest 20
socman 12
soddenly 11
softener 14
solemnitude 14
solidarity 17
solidungula 18
somatochrome 15
song 23
sonlikeness 14
sonorescence 17
soothe 18
soredia 14
sorty 13
sourer 21
south 23
southard 20
soya 15
spark 16
sparklessly 21
spartanism 14
spatula 19
spearflower 17
spectry 19
speedfulness 16
spelk 23
spermatangium 19
spermophorium 16
sphaerenchyma 8
sphinxian 15
spica 14
spiculate 16
spiking 14
spilikin 16
spinnerule 22
spiraeaceae 17
spiran 12
spirillaceous 23
spissated 17
splayed 14
splenatrophy 19
splendaciousness 22
spondylizema 17
spongillid 11
sporophoric 8
sporophytic 15
sporozoic 15
sportless 18
sportly 15
spotlike 13
spreadingly 13
sprod 20
spryly 18
spydom 26
squat 20
squattish 18
squinny 24
stale 13
staphylomycosis 18
starboard 11
stauropegion 15
stenotype 15
stenter 20
stereobate 15
stereochemistry 16
sterilize 10
stickless 17
stilet 20
still 16
stinger 11
stiped 25
stippen 16
stonebow 17
stonesmich 16
stonewally 20
stooper 21
storekeep 14
storeroom 18
stormfulness 15
strad 19
stradametrical 21
stradlings 14
straightabout 23
strangerwise 11
streamless 18
stressfully 17
striolate 17
strit 22
strongheadedly 18
strophanhin 18
stropharia 27
strophic 18
strophical 18
struthiomimus 12
stubrunner 31
stumbly 12
stumpiness 15
sturtite 22
subalpine 16
subbronchial 20
subchairman 15
subchanter 25
subdistrict 12
subequality 14
subglobosely 14
subjectible 11
sublineation 20
submedial 14
suborner 17
subpulverizer 14
subscience 18
subsemitone 17
subserviency 12
subsidiarily 20
subsidiariness 17
subsoil 22
subsulphide 14
subtriplicate 13
subunequal 15
suffragism 11
suing 16
suit 12
suk 18
sulcalization 16
sulcatorimose 18
sulculus 16
sulphbismuthite 17
sulphoproteid 16
sulphosulphurous 19
summer 12
superavit 19
supercelestial 18
superdelegate 15
supereffluently 21
superether 20
superexpenditure 26
superfluousness 12
superfoliaceous 15
superformidable 21
superindependent 11
supermodest 11
superobjectionable 18
superoxalate 20
superpatient 22
supersedeas 18
supersphenoid 12
superstrong 16
suprarenalin 20
surculigerous 17
surdimutism 19
surprisingly 13
surrebut 17
surrejoinder 14
sustentation 4
swaird 15
swannish 11
swarthily 20
sweaty 15
sweetleaf 11
swelldoodle 23
swingeing 17
swiveleye 18
swizzle 8
sylphic 15
symbiogenetic 17
symphonist 22
symphyla 13
symplegades 12
syncerebrum 17
synchronizable 19
synchronization 13
syncopator 14
syndicator 13
synergist 20
syngnathi 16
synoptistic 23
synthete 21
syntype 28
syrianism 20
syrma 12
tabbinet 15
tachyphrenia 19
taffeta 8
taffywise 13
taillessness 17
taissle 16
talwood 18
tamashek 17
tammanyism 14
tangie 19
tanstuff 23
tanystomata 15
taoistic 19
tapiridae 11
taprooted 20
tarmi 14
tarp 14
tarrish 15
tartar 14
tartareous 19
tartarproof 14
taskage 20
tatting 14
taurolatry 12
tautologously 20
taxidermy 19
tcawi 17
tchast 11
technism 13
tectum 18
telarian 21
teleological 15
teleoroentgenography 19
telharmonium 18
telolemma 16
tenderable 20
tenebrousness 19
terneplate 18
terrorist 17
teruyuki 9
tetraboric 15
tetradecane 22
tetragoniaceae 18
tetrahydrated 16
tetrastichal 10
texan 15
thackerayesque 9
thalessa 12
theophorous 16
thereamongst 24
therevidae 15
theriotheism 25
thermantic 20
thermit 15
thermoanalgesia 20
thermostatically 19
thesicle 25
thickheaded 24
thigmotactic 10
thionamic 22
thistled 21
thoo 16
thornbush 21
thornlike 13
thoroughpaced 18
thousandweight 18
threadway 18
threnetical 15
thrombosis 11
thrutchings 16
thuan 15
thyroglobulin 9
tibourbou 15
tickless 22
tift 11
tigerkin 20
timberyard 10
timefully 15
timeless 10
timeserving 20
tineal 16
tinoceras 15
tippable 24
tiredly 9
tiremaking 17
titanichthys 25
titmouse 20
tittery 26
tody 17
toeboard 14
toftstead 20
tombolo 16
tomboyism 10
tomtit 22
tonnage 13
topnotcher 19
topophobia 20
toprope 23
tops 17
topsy 14
tormina 12
torrential 17
torsiograph 15
tosspot 16
toxicaemia 13
trainagraph 14
trainmaster 14
tramway 20
transformer 14
transplendently 20
transpositive 18
tranter 17
treader 19
treadwheel 21
trenchmaster 18
triatomicity 19
trichonosus 12
trichoptera 12
triennially 20
trifoil 16
trigonella 18
trigoniaceae 14
trilinguar 16
trimethylamine 11
tritoxide 15
triuris 23
trompe 11
troublemaker 24
troupand 21
trullization 17
trumpetwood 28
trustlessness 18
trypsinogen 24
tubbie 11
tuberiferous 17
tubulature 24
tunker 16
tuppenny 14
turbulency 13
turklike 14
turpentinic 12
tutiorist 19
twankingly 22
twelvehyndeman 14
tymbalon 19
tzolkin 17
udomograph 12
ugsomeness 12
ultrafeudal 13
ultraluxurious 15
ultrasonics 16
ultraspiritualism 16
unadventuring 14
unaffirmation 20
unaltering 18
unarchdeacon 17
unassuaging 21
unastonished 19
unbalance 16
unbeset 15
unblundered 10
unbrewed 16
unbribing 22
unbridledly 21
unbrushed 12
unbrutalized 12
uncalculating 16
uncambered 14
uncanniness 21
uncelestial 11
unchaste 20
uncheckered 23
uncleft 15
unclothedness 13
uncombed 22
uncommenting 19
uncommerciable 10
uncompromising 20
unconsoled 7
unconstraining 12
uncontrolled 14
uncorrectable 13
uncraftily 15
uncriticizing 20
uncrooking 15
uncultivable 13
undauntedness 14
undear 17
undebauched 19
undeclamatory 16
undecorative 20
undefeatedly 16
undefine 19
undelved 18
underarm 13
underbit 9
undercloak 19
undercurrent 16
undereat 22
undergovernor 23
undergraining 17
underlay 21
underletter 15
undermate 16
undermediator 19
undermoral 7
underroarer 13
undershoot 22
understay 22
undertakerlike 17
underthief 14
undisastrous 21
undiscreditable 18
undisjointed 22
undisplaying 15
undisturbedness 14
undiuretic 26
undivertibly 19
undoubtingness 22
undurable 15
undusted 11
uneduced 18
unelectable 17
unenergetic 27
unequalize 18
uneschewable 12
uneulogized 12
unexaminable 14
unexcludable 23
unexigent 15
unexposed 13
unextinct 10
uneyed 16
unfairly 15
unfeelingly 17
unfelon 18
unfertileness 29
unflavored 12
unflurried 18
unforfeit 17
unfortunate 15
unfrequent 21
unfull 15
unfurnish 18
ungarland 20
ungeneral 19
ungenerative 14
ungerminated 18
unghostly 14
ungladden 12
unglobular 17
ungrammatical 19
ungrilled 19
unguerdoned 21
unhealthfully 15
unheeding 17
unheightened 15
unhinge 23
unifarious 16
unigravida 19
unilaterality 9
unilocular 15
unimpedness 21
uninaugurated 19
uninheritability 16
uninoculable 10
uninviting 12
unionistic 19
unique 9
unland 16
unlarded 8
unlocalize 11
unmagnified 14
unmilitariness 17
unobeying 24
unobjectional 13
unobliterated 10
unoperatic 17
unosculated 18
unostentatiousness 12
unpatiently 17
unpatrolled 13
unperceivedly 17
unperformable 18
unperishably 13
unpermixed 14
unpersuaded 13
unphlegmatic 18
unpliable 11
unpolitically 14
unpolluted 20
unpreach 25
unprescient 23
unquaking 21
unraving 16
unrecommendable 9
unrecusant 17
unresponsible 17
unrestrainedness 20
unrestrictedness 17
unretreating 26
unreversable 19
unrural 17
unrushed 21
unscepter 17
unscratched 13
unseasoned 22
unskirted 16
unslotted 13
unsloughed 15
unsnapped 14
unsocialistic 19
unsolicitated 16
unsolidifiable 4
unsplit 12
unstayable 18
unstirring 23
unswelling 20
untamed 19
untemperamental 15
untended 13
unthatch 12
unthoughtlike 15
unthroning 21
untotalled 11
untrue 28
unuxorial 18
unveracious 18
unverifiable 15
unvibrated 11
unvisited 19
unwaggably 10
unwagged 15
unwary 16
unworkability 15
upavenue 21
uptrace 20
uranus 10
urceolina 11
urena 17
urinemia 14
urled 20
urostegite 20
utahan 18
utopia 14
vaccinogenic 11
vagabondism 16
vagas 14
vagotomy 20
valetage 14
vali 14
valviferous 18
vamplate 14
vangueria 13
vanilloes 17
vanisher 9
vaporizer 15
varicosed 17
vasodilating 18
vasodilator 13
vassos 22
vaticanism 15
vedic 18
vela 16
velours 11
venality 16
ventrad 22
ventrocystorrhaphy 17
vepse 20
verbify 15
verdun 9
verificative 17
vermicelli 8
verminously 14
verpa 22
vesture 21
vesturer 16
vesuviate 25
vibrance 15
vibratiunculation 12
victrola 17
viewlessly 11
villa 14
vindemiation 19
violent 14
violetish 14
vocabulation 18
vociferousness 19
volatilizable 17
volutate 15
vulcanalian 13
wack 19
wagweno 21
waicurian 20
wampus 16
warbled 16
warf 26
warrenlike 28
warriorlike 16
washtail 30
wat 17
watchdog 20
watchful 17
watertightal 14
wayside 10
weatherheaded 27
webmaking 18
welsium 21
whaleboned 22
whalp 18
whereer 27
whisperous 14
whitewall 18
whomsoever 19
wice 13
widespreadness 17
wield 13
willingness 12
wincer 15
windfanner 14
windroad 12
winnonish 16
wiste 19
witchen 16
wive 9
woebegoneness 17
woodpeck 13
woolenization 28
workbench 12
worshipfulness 23
xanthogen 14
xanthous 17
xyloplastic 24
xylopyrography 21
xystus 17
yachtsmanship 16
yajnavalkya 35
yale 12
yearbook 20
yearful 11
yede 13
yeguita 20
yellowish 16
yesso 15
yigh 12
yokeless 13
yoruban 18
younghearted 18
younglet 11
youthheid 18
zabra 13
zamindar 15
zarabanda 20
zaurak 12
zealless 15
zebroid 11
zendik 9
zirianian 13
zomotherapeutic 17
zonitidae 18
zooid 18
zooidal 19
zoonomical 9
zoonomist 17
zoque 18
zosteropinae 25
zucchetto 20
zuludom 15
zymologic 16
