abraxas 26
acetolytic 31
acrospire 29
adduction 24
aetheogam 44
afflictive 34
albardine 22
albumoid 27
alexander 27
alkahestical 28
amalgamization 35
amphictyon 40
anabatic 32
anisopetalous 31
annexionist 33
anniversariness 28
anoplotheriidae 33
anthologist 26
antialexin 33
anticatalyzer 25
aphlogistic 27
aponeurotome 29
arachnitis 39
aramaic 26
archidome 31
areolate 30
argentina 23
argyranthemous 24
aristodemocracy 26
arkansas 27
asmalte 42
aspermatous 31
asterinidae 33
autognosis 37
aweto 37
azophenine 38
baignet 36
barber 34
base 23
behap 37
benzdiazine 28
beperiwigged 40
bloodspiller 30
brevirostrines 38
brilliolette 30
bubonocele 27
buncombe 30
bushcraft 49
buzzies 23
cabrit 42
campimeter 42
capitular 36
capsulate 28
cardiacean 28
casing 22
catjang 30
ceaselessly 28
cerebellipetal 30
chemicovital 31
chlorophyllian 35
chloryl 36
chopa 29
chronogeneous 25
chylidrosis 37
clavicithern 40
coccygean 30
coiling 35
colleagueship 32
collocution 27
colongitude 23
commatism 29
concertgoer 33
concremation 33
condensedness 28
confront 33
consideringly 35
countersleight 26
counterword 32
crenele 21
crock 36
cropman 28
crowdweed 31
cryptoglaux 34
cyanoacetic 32
dadaist 28
damn 38
decomposable 37
dedolation 16
defect 37
deflation 25
diabrotica 34
diegueno 25
diluvialist 28
dioptrical 24
dipodic 32
diporpa 27
disanimate 24
disarticulator 34
disguiser 43
dispersonate 28
dispopularize 23
disquisitional 24
distensive 24
doubledamn 27
droopingly 37
ebriously 22
echinuliform 26
eluder 33
embarrassingly 28
embrittle 34
enwind 23
epagomenous 23
epanodos 28
epicarid 32
epiphyseolysis 32
epocha 32
eponychium 30
equableness 31
erythrogenic 24
ethicophysical 17
eudendrium 23
euphratean 27
euphues 27
exaggeration 26
excentral 29
executable 32
expeditious 40
explore 26
extramural 30
extravagantes 24
extrovertish 32
fains 39
farfugium 27
ferguson 25
ferrean 37
ferroprint 30
filtratable 30
finity 35
fisticuff 33
foolhardy 33
forcemeat 40
forebackwardly 18
foreshot 31
frore 35
furnacelike 25
garrupa 19
gastrilegous 30
gater 32
geniculum 22
girly 32
glimpse 35
glucemia 32
godfrey 24
gonococcoid 19
gorilloid 32
gradgrind 31
gramp 19
graphics 18
group 26
grouty 29
gypsophilous 18
hailshot 30
hank 21
harassable 33
harr 24
hazy 24
hello 24
hemihedric 28
hemihypotonia 41
hin 44
histoblast 35
hoffmannist 29
hucksterer 27
hula 31
hydrometallurgical 25
hymeneal 37
hyphema 33
hypsothermometer 31
hystricomorphic 29
icebound 28
idiotize 32
ileosigmoidostomy 39
iliotrochanteric 35
illogicalness 30
implicately 26
impress 24
improficiency 30
inadmissibility 33
incoalescence 36
inequidistant 31
infidelize 38
infusionism 39
ingression 44
interbalance 26
interception 23
interester 25
intern 28
interpetiolary 30
intramental 29
invariableness 32
ipomoea 34
irislike 34
irvin 20
isoyohimbine 28
jarool 35
jayhawk 34
jobmaster 30
jokelet 28
kaliborite 35
kamarupic 40
kapok 20
keatsian 22
ketchcraft 29
kit 29
knapbottle 32
lactobacillus 37
laughsome 27
lazarlike 27
leiotrichy 22
lettergram 32
lifeboatman 25
limeberry 21
limnobios 29
lithocystotomy 35
lithonephrotomy 34
luke 37
lune 32
lusatian 32
madweed 13
maintainable 32
maki 29
maleinoid 31
malingery 25
mammock 29
manning 24
manter 38
martyrology 24
maybe 27
mazdaism 15
meiotaxy 36
melting 31
melton 32
merit 27
mesocaecal 25
methane 32
microphthalmus 32
misinstructive 34
monobutyrin 32
monologuist 31
moonite 33
mudslinger 34
multireflex 44
multungulate 37
mumpishness 33
neutropassive 32
nictitant 14
nincompoop 39
nominee 26
nonactinic 25
nonattached 27
nonsupporter 33
notelessly 33
noxious 32
nuzzle 35
obolaria 22
obscurist 30
obstinate 19
obtusipennate 33
odontologist 38
offscum 35
oniscoidea 29
optimal 31
oscular 28
ottoman 33
outlaw 34
outsavor 29
overcurl 28
overlascivious 27
overnew 37
overplace 32
overshade 35
overstoutly 33
oxycholesterol 29
palatize 22
pantheonize 32
papillate 26
parament 37
paraphrastical 32
parapsychical 30
parietes 33
parthenogenous 20
peastone 27
pentanolide 25
pepperishly 33
perciform 34
pericardiomediastinitis 26
pesterous 26
pharyngemphraxis 37
phascaceae 38
philotechnic 30
photocompose 29
phytometry 21
pickery 30
pipeage 22
platicly 26
pleomorphic 31
plumbness 29
plunderingly 29
podophyllotoxin 25
poeticality 19
pollinigerous 29
polymeria 28
polypetal 31
portitor 29
posthypnotically 28
preadherent 39
precocious 36
precogitate 26
precorridor 34
predella 31
predicably 35
predisrupt 28
prehistory 45
premastery 28
prevomer 25
priscan 41
proauthority 42
procereal 42
proficuous 23
propapist 28
pseudopediform 39
psychoautomatic 37
publicity 26
pulverizator 26
pyrotritaric 27
rachitogenic 31
realistically 35
rebeck 37
reclear 24
recognize 37
recoupment 32
redeify 34
redesirous 28
refence 24
refoundation 35
relishy 31
remancipate 38
remunerably 33
repack 29
reregulate 34
reseed 22
resolubility 33
restipulatory 35
revindicate 34
rhabdocoelida 32
rhineodon 32
rhodoraceae 33
ribbony 28
ricrac 36
righteousness 37
ringgiving 38
robustly 29
rollmop 36
rotse 25
rucervine 43
saccharometric 25
salsuginous 30
sandstay 29
scampish 34
schmalkaldic 37
scientintically 33
scintillize 31
sclerodermata 30
scrabbler 30
scumlike 40
seemably 34
selenotropism 33
semeiologic 40
semideific 37
semiprofessional 33
serene 23
seriema 36
seroon 26
serta 22
shag 25
shaikh 28
shambling 39
sherifate 39
shiism 25
showmanry 30
silaginoid 47
skinning 26
slanting 34
slip 25
smoos 34
snowbound 36
snuff 34
sowel 33
spasticity 34
sphindus 24
spinnaker 25
spiraloid 26
spirillolysis 31
stairwork 31
starred 33
stauk 37
stoupful 29
streetless 37
strict 29
strut 33
subinsert 31
subjudge 32
suffolk 34
supari 23
superplease 21
supraclavicle 30
supralegal 22
symplocarpus 33
synchronistically 39
tarnishproof 28
tarsal 37
teachably 38
teahouse 32
tejon 34
telelectric 24
tenebrific 29
tenectomy 27
terror 34
testiculated 31
theodolite 24
thereologist 34
therial 31
tiddling 28
timberwood 29
titanofluoride 29
togetheriness 25
toothleted 29
trammeling 29
transportationist 33
tredecile 28
trehala 32
trilogy 36
trivialize 19
troika 34
trug 30
trumpetweed 22
umbeclad 30
unanxiousness 22
unavowably 22
unboiled 25
uncapacious 28
uncave 42
uncensored 36
unconducted 35
uncontradictableness 27
uncontrovertible 34
uncorrelated 33
underjanitor 29
undeveloped 35
unforestallable 29
unglue 19
unhired 26
uniflagellate 45
universitarianism 27
unneth 36
unpaving 30
unprohibitedness 26
unreposing 35
unshirted 32
unsnaggled 43
unsoiled 35
unstaunchable 28
unstormy 26
unsubtleness 27
unsummered 35
unthinkably 32
untortured 34
unweakened 32
uplaid 37
usance 28
vauntery 36
vesper 30
video 30
viewy 32
vindicatorily 35
vineyardist 30
violmaking 27
virtualism 36
voltatype 30
vulcanology 33
wanny 37
waybread 36
wice 36
wintertide 17
wistfulness 31
woodbin 33
xanthoproteic 34
yankeeist 27
zoophilism 31
zygopteron 34
