ab 122
abdal 103
abelmoschus 116
abeyancy 126
abhorrence 108
ablastemic 140
abominableness 122
abrico 137
absenteeship 129
absit 108
absorptiveness 116
abstinence 114
abstinently 113
abstractionist 139
academus 128
acanthological 115
acariform 138
acarine 130
acatholic 117
accompanyist 143
accomplishable 144
accountability 125
accouter 138
acerata 113
acerates 131
acetylrosaniline 138
achordal 125
acinacifolious 110
acinary 131
acinetic 154
acinous 140
acne 129
acoela 103
acreak 125
acredula 124
acromiodeltoid 121
acrothoracica 104
acrylonitrile 147
actinozoa 116
acupress 128
acutate 104
acylamido 144
acyloxy 148
adarme 115
adder 140
additament 136
additionary 129
adductive 112
adherer 115
adhesional 116
adiadochokinesis 129
adiathermancy 119
adicity 120
adigranth 127
admeasurer 137
admirable 112
adradially 113
adulteration 140
aecial 126
aeneolithic 124
aeolididae 146
aerarian 125
aerical 120
aerobatics 115
aeroembolism 115
aerometric 108
aeroneurosis 132
aesculapian 122
affinal 114
affirm 117
afford 139
afresh 116
afrown 115
after 135
aftercast 126
aftercome 126
afterfriend 94
afterreckoning 117
aftertimes 138
agalloch 119
aged 122
aggressin 127
aging 132
agitatedly 114
agnathia 107
agraffee 121
agrimonia 137
agrostologic 111
aguish 131
ahint 113
ailsyte 114
aimee 139
aion 154
aitchpiece 124
ajoint 127
aka 142
akin 129
al 121
alabandite 132
alada 126
albeit 111
albertite 160
albigensian 135
albugo 112
alcheringa 124
aldhafara 112
aleurone 131
alfridary 121
algarrobilla 114
alike 118
aliso 125
alkaptonuric 126
allelotropic 139
alley 128
allodesmism 115
allophylian 144
allothigenous 142
allurer 139
alluviation 110
aloed 128
alois 115
alphabetarian 114
alpist 132
alroot 115
aluminize 121
alvan 127
aly 143
alytes 130
am 148
amacratic 134
amalings 108
amaryllid 112
amatorially 110
amazingly 104
ambaree 140
ambulatio 107
ambuscade 128
amenable 119
amendatory 127
amends 116
ametabole 110
ametabolous 128
amidin 121
aminocaproic 135
aminolysis 137
aminosuccinamic 119
amita 116
amoebicide 131
amphibiotica 125
amphierotic 108
ampliative 132
amplifier 118
amputative 126
amsterdamer 123
amynodon 116
anabata 125
anacamptometer 135
anacidity 123
anacreon 120
anacrustic 108
anaerobe 134
anaesthetically 128
anagallis 131
analectic 137
anangular 110
anaphalantiasis 134
anaxagorean 120
androdioecism 132
androginous 122
andronitis 129
anenst 126
aneuric 124
angiocholitis 127
angioplerosis 126
angletwitch 111
anglicization 110
angriness 118
anguineal 131
animistic 127
animous 121
anisamide 126
aniselike 128
annoyingness 114
annulated 138
anobiidae 141
anodynous 123
anomalously 115
anoplothere 111
anorthitic 134
antagonistically 119
anteambulation 121
antecedency 121
antecedental 129
antemarital 147
antennular 110
antheridium 122
anthozoic 127
anthrachrysone 130
anthracotheriidae 138
anthragallol 124
anthropomorphotheist 137
anthropos 119
anthroposcopy 128
anthroposophical 108
anthropotomist 134
antiager 122
antialcoholism 139
anticardiac 123
anticipant 111
anticize 125
anticonductor 136
antidraft 116
antiduke 137
antiexpansionist 134
antifelony 120
antiguggler 112
antihormone 120
antiketogen 150
antimetropia 110
antinomic 112
antiorgastic 142
antipolar 110
antipolemist 126
antiquarian 215
antiquing 144
antithetically 128
antitrades 110
antivibratory 131
antonomastically 119
antritis 122
anubis 109
anusim 119
apertly 124
aphanomyces 128
apheta 138
aphetize 120
aphidius 105
aphrodisiac 137
aphthongal 123
apices 112
aplacophoran 124
apneumatic 123
apojove 130
aporrhaoid 115
apothegmatically 126
appearer 140
appellative 123
apperceptionist 130
appledrane 127
applemonger 221
appositeness 122
appreciably 136
apprehensiveness 114
appropinquity 123
aprication 114
april 126
apterygote 142
apterygotous 111
aquilegia 128
aquilian 115
araneoidea 95
arbalestrier 126
arboricolous 117
archaeostomata 122
archangelic 118
archegoniatae 141
archeress 241
archidiaceae 134
archineuron 141
archiplasmic 124
architectonically 120
archoptosis 140
archpublican 115
arctogaean 118
ardently 113
arecolidin 131
argentamine 122
argentide 146
argumentator 129
arian 139
ariel 126
arienzo 142
aristolochine 113
arithmomania 132
armrack 113
aroint 127
aromatite 116
arras 120
arrent 130
arreptitious 116
arrestive 138
arrie 127
arsnicker 121
arthemis 139
arthrempyesis 141
arthrology 133
arthrophlogosis 109
artiodactylous 115
artlessly 119
ascolichen 126
asearch 117
asemia 134
asepsis 119
ashwort 106
asiatical 125
aspersion 122
assistency 117
assorted 110
astart 137
asthenopia 114
asthma 122
asymmetron 104
atabek 111
atacamenan 132
athletical 116
athwartship 133
athyridae 133
atomechanics 144
atomist 128
atonement 134
atonia 112
atony 143
atrioventricular 129
attercrop 146
attorney 107
attractable 135
attributive 139
aubrey 110
auctionary 148
auditorily 137
auhuhu 111
aulete 128
aulophyte 105
aurulent 119
australianism 141
australic 129
authorizable 104
autoaddress 131
autobiography 126
autocephalous 126
autochronograph 124
autocytolytic 150
automobilism 118
autovaccine 118
auxilium 124
ava 118
avalvular 117
ave 108
avenger 119
avicenniaceae 137
avicularia 127
aviculture 115
avolitional 122
avoyership 132
awrong 132
axion 127
axonometric 118
axwise 131
aziminobenzene 129
azoch 127
baalish 137
babongo 130
bac 106
bacchus 131
backcast 121
backfiller 124
backgame 129
backstretch 124
backstring 128
bacopa 129
bacteriofluorescin 107
bacteriologically 123
bacula 96
badenite 138
badge 115
baft 141
bahisti 116
bailiffry 105
bakula 133
balija 145
balinese 131
balladeer 131
ballan 136
balsamina 112
balsamine 142
ban 132
banderma 128
bandhook 139
banditry 130
banjore 145
bannered 124
banqueter 128
banquette 125
bantoid 119
baptize 139
barbiton 115
bareboned 125
baric 113
baring 136
barmkin 111
baromotor 140
barriguda 129
baryecoia 124
baryphonia 126
barytophyllite 123
bashful 118
basichromatinic 111
basidiolichen 109
basifugal 131
basilweed 127
basket 109
bassist 127
bath 113
battologist 135
bavin 123
baxterian 121
bazzite 246
beamish 129
bearskin 126
becky 130
beclout 246
beclown 113
been 126
befurred 115
begetter 143
beglide 139
beglue 125
begrutch 126
bejuggle 134
beknottedness 142
beladle 104
beleaguerment 125
bellowslike 127
bellowsman 111
bellyache 129
bellyman 113
beloeilite 124
bemoult 118
benefactive 106
benjamin 135
benzedrine 116
benzidino 147
benzopyranyl 128
bequirtle 145
bereft 131
bergut 137
berkeleyite 108
beroidae 104
bessemer 131
bestarve 267
bethflower 123
bevenom 151
beveto 117
bewrayingly 114
beylic 127
bhang 120
bicameralism 111
bicarinate 133
bicollateral 133
bicolored 104
bikh 133
bimucronate 117
binately 137
binominous 134
binoxalate 131
bioecology 126
bion 114
bipalium 102
bipinnatiparted 144
bipinnatipartite 124
biplosion 142
birdcraft 118
birdhouse 145
bisulphate 116
bitrochanteric 136
bitterbush 111
biuret 134
biventer 127
blackfoot 126
blackleggery 127
blameless 144
blandiloquious 129
blasia 119
blastomyces 124
bleak 123
blellum 128
blennostatic 123
blest 116
blimbing 120
blocklayer 128
bluecoat 143
boarishness 125
bogway 119
boke 122
bold 131
boled 128
bombardment 123
bombus 110
bonny 152
bontequagga 120
boonless 128
booted 137
boreable 128
boredom 129
boregat 104
boronia 131
borough 116
bortz 122
bostonese 131
bostryx 125
botryoid 134
bottlebird 232
bottoming 115
boucher 105
bough 108
boule 132
bourgeoise 131
boxful 136
boxkeeper 118
brachyceric 134
brachyura 113
bracker 128
bradyseismism 114
braggartry 136
bragging 146
brahui 145
branchiosaur 129
brawlsome 101
brazera 119
breezily 133
bregma 147
bregmatic 132
brevipen 130
bribegiver 126
bridehead 120
brideweed 138
bridgeable 129
bridgebote 151
brimborium 132
briquette 127
brit 141
broderer 115
bromacetate 143
bromcresol 121
bronchiole 117
bronchoscope 135
brot 125
brotherly 118
browbeater 133
brownie 110
brushball 136
bruzz 144
bubinga 130
bucconinae 128
budger 138
bufagin 128
buffont 122
bulla 99
bullom 120
bumicky 111
buna 123
bunch 115
bunga 106
bungfull 122
buoyance 144
buprestidan 132
burel 109
burgh 140
burmese 136
burn 121
busby 106
bushbeater 126
bushelful 123
butler 142
butterfly 118
buttyman 127
byspell 135
caban 116
cabbagy 138
cabin 147
cacanthrax 122
cacographical 118
cacopathy 121
cacti 126
caddiced 135
caecotomy 130
cagit 117
cain 108
caissoned 124
cakey 130
calamiform 153
calamitean 111
calamitousness 130
calamity 118
calcitrant 123
calculate 123
calyptrata 119
cameloid 134
camisole 119
campfire 133
camphine 117
campimeter 138
canaliculated 147
canape 125
cancerously 104
candelabrum 120
cantharidize 123
caped 126
caper 133
capercut 130
capias 117
capitularly 108
capric 126
caprylyl 125
captivating 136
carabao 125
caracoli 127
caraguata 134
caranna 128
carbonigenous 135
carburizer 131
carcinoscorpius 106
cardiorespiratory 132
carlylism 115
carmel 133
carnalness 101
caroome 114
carotin 135
carpetweed 131
carthusian 110
cartisane 111
casaun 117
cascadite 133
caseweed 124
caslon 123
cassidinae 129
cassock 133
cassonade 122
castor 115
cat 114
catalufa 136
cataplasis 119
catastaltic 152
catatoniac 133
catechismal 122
catharism 135
cathedralic 142
cathedralwise 116
cathion 138
caudolateral 155
cauldrifeness 110
causatively 115
causativity 118
celeste 113
cenobitic 142
centaur 128
centimeter 103
centistoke 101
centropomidae 127
cepaceous 129
cepe 117
cephalometric 129
cephalomotor 120
cephalosome 142
ceratohyoid 125
cerebronic 124
ceremonial 132
cerer 126
cerulean 106
cerulescent 109
cervicolumbar 132
cestidae 136
cevitamic 113
chaetangiaceae 141
chaft 107
chagrin 134
chalaza 120
chalcone 121
chalcophanite 113
chalybes 121
chamaesiphonaceae 120
chancroid 121
changefulness 122
chaology 128
characterful 124
characterizable 123
charcutier 126
chastiser 118
chatelain 143
chatellany 111
cheirosophy 139
chekan 137
chemiatry 139
chemitypy 124
cherishable 124
cheroot 124
cherry 117
chervante 120
chhatri 115
chiasm 123
chiasmodon 134
chico 135
chiefest 134
chien 127
chikara 111
childbearing 115
chillingly 135
chillumchee 118
chilotomy 125
chimneyless 122
chiropterygious 111
chlordane 129
chlorinator 136
chlorophylligenous 128
chob 149
chocho 138
choleroid 128
cholestane 133
cholochrome 123
chondroalbuminoid 122
chondrodystrophy 110
chopping 136
chorister 120
chorometry 111
chrism 105
christianism 140
christie 113
chromatogenous 124
chromidiogamy 123
chromophoric 127
chromoxylography 122
chromule 124
chronographic 146
chronologist 130
chrotta 119
chrysorin 116
churlishness 135
chylificatory 130
chylomicron 137
chytrid 135
ciconiae 114
ciconiiformes 120
cineraria 138
cionocranian 117
circuitous 139
circumjacency 139
circumscriber 229
circumspatial 115
cisalpine 257
cistercian 111
citharexylum 134
citharista 129
citral 118
citronwood 120
citrus 114
cityfolk 146
cladodontidae 119
clang 114
clarisse 119
classer 163
clavicorn 223
clearhearted 135
clerestory 138
clerkhood 122
climaciaceous 121
climatologic 127
climatometer 124
clinic 131
clinty 138
cloacaline 122
clothesbasket 111
clotheshorse 115
clotho 120
clouding 144
clown 136
coagulase 131
coalitioner 123
coalitionist 109
cobwebbery 130
cochlea 135
cock 128
coconsecrator 141
cocreditor 138
coeducate 117
coemptional 117
coemptive 121
coendure 149
coenocyte 123
coenogamete 118
coffee 128
cogency 125
cogitability 131
cogrediency 126
cohesion 147
coincider 110
cojudge 115
colback 130
coldish 129
collegial 148
collegiation 117
colletes 123
colletotrichum 113
collocatory 132
colloidal 121
colloidality 119
colonate 131
colonizability 141
colonizer 117
colophon 100
columniferous 110
colymbidae 106
combfish 118
commatic 115
commelinaceous 124
commendador 114
communicably 135
communitary 119
compaction 137
compactor 118
compass 123
competition 107
complacency 115
complementally 118
compoundable 124
concerningness 116
conchitic 121
concretion 120
concupy 127
concutient 103
conditionality 141
confabular 118
conferva 106
conferval 135
confessionalian 142
confessorship 119
confined 110
conflated 118
confronter 123
conglomeratic 141
congolese 124
congratulant 122
conicle 111
conidiiferous 108
conine 109
conjointness 131
connective 133
conocephalum 125
conquinine 140
conrectorship 140
consensus 136
consocies 118
consubstantialism 126
consubstantiation 274
consummativeness 120
contagiosity 149
contaminate 115
contendress 129
contrabassist 145
contractionist 120
contragredience 103
contrarious 232
contrastedly 116
contrastimulus 115
controlment 151
controversialism 124
controversionalist 127
conusee 125
convector 127
conversibility 117
convertive 126
convolvulaceous 119
convulsionary 100
cooky 137
copaene 115
copperbottom 115
copperytailed 127
coprophagia 122
copyism 128
cora 126
coracine 111
corallina 132
cordelia 124
corkage 126
cormidium 101
cornbrash 143
coroparelcysis 124
correctionalist 117
corroborate 147
corruptress 125
corydaline 110
coryza 119
cosmopolicy 109
cosmopolitics 121
cotingidae 123
cotoneaster 115
cotoxo 127
cougnar 116
couniversal 112
counterexaggeration 129
counterstand 119
counterswing 135
countertreason 115
coupled 149
couratari 122
covin 134
cowy 112
coxofemoral 135
coyishness 131
coze 146
cranial 129
craniocerebral 108
crapulous 144
credo 131
crematory 126
cricopharyngeal 149
criminalistic 123
cristino 115
cristispira 118
criticize 128
crocosmia 114
crossbow 124
crosslegs 260
crouching 112
croupily 140
crownlet 109
crudely 132
crunkle 143
crymodynia 122
cryptobranchus 121
cryptoneurous 108
cryptophyceae 151
crystallogenical 120
cubbish 124
cubbyhole 94
cubbyyew 131
cubonavicular 139
cuckooflower 112
cuckoopint 120
cuckoopintle 114
cuculliform 133
culbut 121
culvert 126
cumbu 113
cumshaw 123
cupula 116
curatize 125
curie 124
curiologically 121
curship 136
curvate 258
cusec 120
cussedly 121
cyanamide 109
cyanimide 134
cyanochlorous 111
cyanopathic 161
cyanose 110
cyanotic 134
cyanuret 120
cycadales 109
cyclamen 118
cyclamin 100
cyclanthaceae 144
cyclanthales 135
cyclopentene 141
cyclothurus 153
cyclotome 97
cyesiology 130
cylindrarthrosis 123
cynical 131
cynocephalic 124
cynoxylon 126
cypseline 114
cystadenosarcoma 125
cystal 130
cystoptosis 118
cystoschisis 125
cytophysiology 121
cytoryctes 124
cytozoon 120
dactyliographic 117
dactyliography 124
dadaism 127
dagger 105
dagmar 137
dairi 146
dalton 120
daltonic 142
dammer 127
damn 122
damned 109
dandiacally 101
dandydom 123
dandyish 133
danegeld 134
dapperly 117
darkener 132
darkness 125
darksome 114
das 116
dayabhaga 129
daydawn 130
dead 143
deadcenter 107
deadheartedness 123
deaerator 116
dearticulation 135
debamboozle 115
debarment 122
debauchee 119
debellation 147
debunk 124
decemviral 129
decennially 134
deceptibility 127
decernment 135
dechlorination 121
decivilize 142
declinatory 134
decompensate 117
decorist 136
decrepitate 135
dedicature 115
dedifferentiate 135
deditician 106
deepmost 127
deerstalker 131
deflective 124
deflesh 111
degenerescent 126
degrade 120
deguelia 137
dehydrofreezing 121
deincrustant 122
dejeration 108
delayer 125
delegacy 114
delicious 124
delighter 133
delineation 116
delineatory 136
demideity 157
demissory 130
demonologic 109
demonstrability 135
demulsibility 117
denaturizer 123
dendrology 120
denominationalize 112
denticle 126
dentinoma 128
dentonasal 115
deobstruct 119
deoppilative 130
deossification 125
departed 113
depasture 139
depencil 138
deplete 132
deplorability 122
depolarization 121
depreter 118
deputyship 129
derbylite 126
derisory 117
dermatozoonosis 126
dernier 122
derotremate 126
describability 107
desert 118
desinence 123
desipient 103
desirefulness 114
despairer 123
desperate 120
destination 120
desulphur 128
determiner 118
detoxicator 127
detrain 131
detroiter 117
devotee 127
devulgarize 136
dewdamp 124
dextro 126
dhoul 120
dhow 135
diacoele 104
diadermic 129
dialysepalous 142
diammine 127
diapophysis 123
diaporthe 122
diarchial 128
diathermotherapy 95
diatrymiformes 115
dicarboxylate 127
dicer 126
dichocarpous 140
dicondylian 120
digammic 122
digitoplantar 122
dihydroxytoluene 134
dilatability 126
dilation 108
diluvianism 120
dim 139
dimensional 125
dinder 134
dinkum 133
dinotheres 130
dinotherian 131
dinus 129
diocese 114
dioscorein 118
diosmosis 139
diphenylquinomethane 116
diphylla 121
diploconical 123
diplogenesis 117
diploma 123
diplospondylic 117
diporpa 128
dipotassic 130
dipped 116
disappropriate 117
disarchbishop 116
disattire 121
disbosom 136
disburdenment 126
disburser 124
discina 147
disclassify 121
discocarp 132
discoglossidae 141
discontented 134
discriminate 117
discussion 130
disembattle 125
diseme 125
disemployment 127
disenchantingly 118
disfiguration 136
disfigurement 126
disfurnishment 118
disinvolve 129
disleaf 143
dislocator 120
dismally 113
disminister 107
disobediently 142
dispersonify 138
displant 156
dispondaic 217
dispraiser 124
disprison 145
dissemblance 145
distensible 130
distillatory 129
distinctiveness 131
distortion 120
disulfuric 125
disvertebrate 124
dithionate 141
diurnal 118
divaricator 123
diversifoliate 115
diversifolious 119
divulger 104
dixenite 109
dizenment 118
dizzard 130
dobbed 123
docetist 118
dodrans 114
doghearted 117
dogmatization 131
doings 134
domic 132
domineeringly 123
domitic 118
doorless 137
dormancy 121
dorsel 133
dorsifixed 116
dosimetry 150
dothideales 132
dotingness 108
doublegear 133
douce 138
dout 133
doutous 113
douzepers 129
doveling 125
downtown 126
downweight 122
doxasticon 133
dragginess 132
dragon 123
dramaticule 128
dramatizable 131
dramatizer 126
drammock 128
drapable 139
draparnaldia 103
drawhead 127
drawk 126
dreamsily 114
driftpin 115
driller 135
drilling 151
dropout 126
dropt 136
druith 127
drumfish 131
duadic 125
duddies 135
duncish 122
dunger 136
dunnock 131
duplicity 119
durandarte 133
dusken 121
dustwoman 144
dyakisdodecahedron 147
dygogram 124
dynasty 122
dyschroia 139
dyscrasite 128
dysergia 117
dyskinesia 115
easement 135
easternmost 94
ebenezer 116
eberthella 116
ebulliency 138
ebullioscopy 123
ecanda 125
eccaleobion 110
ecclesiologically 133
echitamine 124
echoer 113
echoize 123
ecospecies 125
ecru 144
ectally 129
ectomeric 262
ecumenicity 130
edana 106
educable 127
edulcoration 130
effect 126
efik 125
elain 144
elanus 110
elapid 140
elapine 106
elbowed 229
eleaticism 117
electric 127
electroacoustic 114
electroballistic 144
electrolytic 138
electroosmotic 126
eleutherism 100
elkuma 131
ellice 104
elohism 132
elytrorrhaphy 105
emasculation 120
embarkation 133
embolomycotic 128
embranchment 127
embrown 110
embuskin 127
emim 135
empeo 139
emphraxis 102
empiric 121
emprosthotonos 125
empty 128
emulsive 117
enamelless 124
encephalomere 132
encoffin 118
endboard 137
endearment 113
endemiological 116
endemism 127
endermatic 129
endocarpic 117
endoceratite 130
endocoele 121
endocyst 135
endoesophagitis 130
endoperitonitis 127
endosiphonate 138
endostosis 127
enfeoff 127
enfilade 113
engrandize 115
enkerchief 118
enleague 140
enneateric 119
enragedly 133
enterocoela 116
entorganism 106
entranceway 123
entrappingly 109
entropy 108
entwinement 129
enzyme 121
epauliere 138
epicardium 120
epicarp 114
epicotyl 99
epicycle 123
epidermophyton 122
epidymides 135
epifocal 126
epimer 147
epimysium 158
epiphylline 130
epiploic 126
epipolize 134
epitasis 132
epitenon 116
epitrophy 100
epulo 118
equalness 118
equivocal 132
equivorous 136
erasure 117
erectopatent 136
ergonovine 111
erick 101
erne 119
eros 142
erosible 152
erosive 116
eroticism 125
eruct 130
eruditical 126
erythritic 125
erythrodextrin 115
escruage 118
esopus 120
esoterist 132
ethereality 126
ethicoaesthetic 110
ethmopalatine 113
euchlorhydria 122
eulogize 134
eumeromorph 113
euphemy 133
euploid 146
euryalean 126
euryalida 141
euryalus 104
eurygnathism 138
eurythmical 130
eutaxite 130
euthanasy 138
evangelistarion 123
evelong 113
everwhich 107
everwho 117
everyone 136
evocatory 122
exarticulate 123
excavatorial 133
excerptor 123
excessiveness 152
exclude 118
excremental 136
exculpate 136
exegete 115
exemption 122
exert 118
exhortative 120
exogenic 111
exognathion 136
exognathite 127
exotropic 128
expatiater 98
expender 137
experimentation 133
experimentee 142
expiscation 128
exposedness 149
expositively 135
expresser 128
exterritorial 134
extraoral 115
extraperiodic 133
extraprofessional 139
extrasacerdotal 145
extumescence 102
exuviation 127
eyebalm 133
eyeblink 108
eyedrop 133
eyne 109
eyot 122
fabled 233
fairlike 114
fallfish 127
fancywork 137
fanfaron 137
fanflower 144
fangot 109
fantail 114
fantasque 127
faradmeter 131
farfetchedness 131
farrow 134
farsalah 145
fascisti 120
fatal 125
fatuitous 106
faultlessly 120
favosite 142
fear 148
fearedness 113
fearsomely 131
featureless 139
federatist 143
feedway 124
feign 112
felicide 117
fellage 132
fellahin 130
feltyfare 132
feministic 131
ferricyanic 118
ferryway 124
ferthumlungur 260
festinately 263
festiveness 130
feverfew 128
fewter 137
fibronucleated 113
fibster 110
fictioner 131
fiefdom 122
fieldish 115
fighteress 125
figuresome 129
fiji 134
filbert 125
filletster 122
filtering 121
financial 128
fingerprint 121
finickily 120
finiking 135
fip 128
fireboy 138
fireshaft 124
firk 120
fishbolt 137
fishlike 108
fishway 124
fitched 105
fittable 109
fixedly 135
flabbergast 142
flaminica 137
flane 138
flangeway 141
flannelbush 126
flap 122
flatling 109
flavius 150
flavorful 126
flavorous 140
flavory 100
flax 125
fledgling 139
fletcher 122
fleury 134
flexuousness 135
flimp 125
flirtational 121
floggingly 112
florideous 126
flowerpot 116
flowery 107
fluellite 110
fluidist 135
flunkeydom 119
fluorotype 133
foddering 126
folioliferous 139
folksiness 111
fool 124
foothold 122
footpad 131
fordicidia 127
foreburton 137
foreclaw 129
foreconsent 111
forefatherly 252
foreground 129
forehalf 130
foreknowing 127
forementioned 119
foreshift 139
foreshow 130
forest 117
forfouchten 128
forgivableness 119
forthrightly 105
fortunetelling 119
fossulate 126
fosterer 122
foundationless 110
foveolarious 128
foxbane 139
frailness 134
fraiser 124
fram 115
frame 115
frangibility 124
frangipane 124
frank 103
fraternalist 140
fraudulently 124
fraxinus 125
fretted 111
frithbot 126
frivolize 114
frondesce 117
frostily 126
frowstily 114
fruitiness 129
fruitwise 108
fulguration 129
functionation 127
fundamentalness 120
funduline 117
furor 128
gadded 121
gaetulian 129
gaintwist 110
galeproof 113
galloflavine 142
galvanocautery 132
galvanometric 144
galvanosurgery 140
gamaliel 117
gambling 125
gamekeeping 116
gametocyte 122
gaming 138
gammoning 113
ganza 126
gaoler 111
garroter 140
gaspereau 118
gasterophilus 119
gastrectomy 114
gastroarthritis 115
gastroblennorrhea 126
gastrophilite 134
gatewright 124
gatherer 112
gaullist 114
gauntness 127
gaunty 117
gaussbergite 131
gavial 102
gay 103
geadephagous 126
gelatinous 117
gelidiaceae 144
gemauve 132
genarchship 133
genesis 117
genethlialogy 116
geneva 135
genitivally 135
genotypical 132
gentlewomanhood 126
geognostic 140
geologian 136
geopolitik 111
geotic 121
germander 126
germane 136
germanizer 135
germicidal 112
germicide 133
gerund 124
gestant 120
gethsemane 129
geyan 128
gharry 126
ghegish 137
gherkin 125
ghizite 125
ghostliness 120
gigantostraca 122
giggit 121
gillie 129
ginnle 127
girderage 121
girding 106
git 146
give 132
glaga 134
glamorously 119
glandulosity 119
glarily 122
glassful 128
glassiness 126
glaucin 119
glideless 117
glider 126
glint 129
glitnir 123
glitterance 116
globuliferous 122
globulinuria 119
gloriously 137
glossic 123
glossocoma 110
glossophorous 121
glucosid 129
gluteus 135
glutition 127
gluttingly 133
gluttony 130
gnathobdellida 132
gnetum 143
goanese 117
gobmouthed 132
goburra 120
goddam 118
godful 128
goffle 140
goiabada 135
goloe 122
gonangium 126
gonfaloniership 136
gooding 138
goodyera 142
goofer 116
gorgeted 132
goshenite 117
gothicizer 114
governmentalism 125
governmentalist 116
gracelike 142
gracilariidae 112
graffer 128
grainer 147
graminological 129
grammaticism 134
granddad 113
grannom 140
grant 113
granulose 126
graphidiaceae 142
graptomancy 128
grassworm 131
graveling 134
graveship 113
graveward 131
greaselessness 113
greedless 114
greenth 120
gregarina 119
grenadian 135
gretchen 117
grewia 112
griffinage 124
grignet 134
grigri 125
grissons 147
gristmill 129
groschen 137
ground 124
groundplot 119
grun 122
gruntle 140
guaco 110
guapilla 128
guarani 130
gubernacula 113
gubernative 130
guernseyed 137
guffy 138
gugglet 112
guildship 133
guisard 129
gulanganes 126
gullyhole 130
gumma 117
gummite 140
gunnar 116
guran 120
gurian 123
gurl 127
gut 111
guttule 124
gymnocidium 116
gymnolaematous 122
gynobaseous 115
gype 112
haberdash 104
habronemiasis 114
hagborn 118
hagiographer 108
hagiographist 140
hairif 116
halcyonian 132
halichondroid 128
halite 130
hallmark 130
halogenous 135
halohydrin 137
hammerkop 133
hammerwort 121
hammy 136
hampshire 128
handflower 104
handshaking 113
handygrip 122
harbingery 126
hardheadedness 136
harebrain 112
harebur 132
harmonia 128
harnesser 141
harris 141
hatch 95
hatefulness 131
hawiya 126
hawked 142
hawkweed 128
hazardous 126
hazardousness 129
hazily 140
headforemost 127
headworker 110
heart 123
heartsome 110
heathery 119
hecatomb 129
hederaceously 136
hedgehoggy 139
heehaw 119
heelcap 134
hefter 122
hegemonizer 112
heliology 142
helioscopy 122
heliotropically 134
hellenistically 124
hemagglutinin 119
hematitic 145
hematocyturia 137
hemera 127
henry 117
hepatization 103
heptacolic 135
her 125
herbage 119
herbarium 110
herbivority 109
hercynite 136
heritrix 131
hermesian 118
heroinism 127
herring 132
hertz 134
heterocoela 131
heterocoelous 119
heterodyne 119
heteroplasia 136
heterozygousness 114
hexagram 108
hexapartite 111
hexoctahedral 119
hexylic 113
hibernaculum 138
highlandry 127
hill 134
himp 148
hinayana 133
hirer 110
hispidulate 127
histogen 127
histological 136
histozyme 135
holcad 123
hollow 131
holochoanitic 121
holoplankton 106
holoproteide 109
holosomatous 117
holour 123
holyokeite 126
homeric 136
homewardly 130
homocentrical 112
homoeomerian 111
homogeneize 116
homoousian 127
homotonic 146
homotonous 138
hoodwink 143
hookish 131
hookman 131
hoosh 117
horizontic 142
hormogoneales 133
hornwork 142
horrormonger 135
horrorsome 136
horsehood 126
horseshoe 122
hoselike 131
hosta 144
hotheaded 125
hoy 121
hu 115
huddlement 120
hug 114
humanitarian 153
humidistat 132
humorific 133
humpiness 141
humpty 140
hunchet 122
hunyak 122
hurdler 121
hurr 116
hurried 108
hurtful 96
hutterites 127
hydradephagan 133
hydrobomb 113
hydrome 116
hydromedusae 125
hydronitroprussic 121
hydrophyton 145
hydrorrhachis 109
hyllus 118
hylomorphism 121
hylotheist 140
hymn 114
hymnwise 123
hyomandibula 113
hyperapophyseal 122
hyperconsciousness 120
hyperingenuity 128
hypermakroskelic 128
hypermorph 116
hyperreactive 123
hyperthetical 139
hypertonus 133
hypnoanalysis 150
hypnobate 102
hypnosis 235
hypoadrenia 118
hypocoristical 114
hypokoristikon 124
hypomere 114
hyposternal 113
hyposternum 119
hypostrophe 123
hypostyle 124
hypotactic 117
hypothermy 128
hypotremata 107
hysteresis 121
hystricidae 122
iambe 125
ibadite 138
iberite 114
icebreaker 133
ichthyoid 134
ichthyomorphic 122
ichu 135
iconotype 130
ideationally 117
idempotent 150
identism 123
idioelectrical 127
idolaster 124
idolatrous 128
idrisite 121
ignatian 130
ignipuncture 128
ignobleness 110
iguania 118
ihram 115
ijma 134
ileotomy 123
ilioscrotal 118
illiberalism 126
illusionistic 127
illusor 130
illustration 147
ilvaite 129
imaginative 135
immeasurableness 131
immigrant 133
immission 106
immix 118
immutual 93
impairable 126
impasto 135
impeccability 129
impellent 108
impleader 126
implete 128
implex 141
impound 107
imprescriptible 128
impressional 129
impressionally 131
impunible 134
inachidae 115
inadaptation 120
inadjustability 136
inalienableness 108
inamorate 121
inappropriately 130
inaptly 115
incircumspectness 127
inclusive 127
incoherence 109
incompetency 124
inconsecutiveness 138
inconsequently 115
inconstant 141
incorrodable 134
increately 120
incriminator 134
incrustata 118
incurious 138
indamine 112
indan 110
indecomposable 116
indefensibly 137
indeficiency 126
indianeer 129
indicible 132
indiscreet 139
indoctrinize 115
inducer 146
indulgentially 115
indulgently 156
industrially 147
ineffervescibility 137
inequation 138
inequipotential 127
inesculent 114
ineuphonious 122
inexacting 122
inexhaustedly 130
inexpectedness 108
inexpressively 87
inextensive 133
infectedness 141
infeudation 120
infissile 132
inflexibility 148
infold 117
ingenerative 127
ingloriousness 152
inguinocutaneous 137
inimitableness 127
initiary 124
injectable 122
injudicial 132
injurious 121
inkish 129
inkstone 132
innovate 126
inobtrusive 138
inobvious 122
inoculative 124
inopercular 105
insenescible 114
insessores 125
insociableness 124
insolence 132
insolvency 117
inspectability 146
inspirit 121
interaffiliation 134
interbank 106
interceder 128
intercerebral 151
interclass 130
intercommuner 127
intercomparable 109
intercomplimentary 140
intercrop 117
interdash 115
interdentil 145
interepimeral 126
intergradation 132
interlocutive 119
interlope 271
interlude 138
internodular 127
internuncius 140
interpubic 137
interramal 113
interrelated 119
interrelatedness 117
interright 135
intersessional 122
interstimulate 133
intersystematical 122
interthing 124
intertransversal 128
intertwine 113
intertwinement 97
intervisible 110
interword 137
inthronization 114
intimity 146
intitule 144
intolerant 159
intracerebrally 135
intrametropolitan 133
intramyocardial 127
intransigent 111
intransigently 114
intrapair 116
intrascrotal 119
intrasegmental 102
intratubal 120
intrinsicalness 124
introducer 114
introreception 121
introvert 127
inula 137
invariance 138
inventer 132
invincible 115
iotacist 123
ipsilateral 121
iranic 117
irascibly 110
irenarch 128
irreciprocity 260
irremediableness 142
irresolution 124
ischury 262
isobilianic 125
isocamphor 114
isodiametric 117
isogenetic 168
isologue 136
isomagnetic 105
isomorphous 120
isonomy 126
isorrhythmic 112
isospondylous 139
isotac 120
issedoi 134
issuer 133
ithacan 142
itinerant 135
itonama 125
itoubou 109
itylus 112
itys 141
j 114
jackass 147
jacko 127
jactant 134
jaculatory 134
jain 129
jam 130
japonicize 110
jardiniere 118
jarl 152
jaun 235
jazzer 104
jebusite 123
jeffersonianism 118
jelerang 126
jellification 134
jersey 267
jestword 127
jigget 137
jingoism 128
jinrikiman 131
jirkinet 117
jocose 139
joinant 127
jokeless 118
jollification 133
jolly 131
jove 123
jovial 129
ju 142
jug 119
juggins 126
juice 122
jumpiness 116
jumprock 123
juncaceae 128
juncoides 120
jupon 92
kamchatkan 140
kanten 133
karakul 107
karo 127
kastura 125
katabasis 129
katrine 113
kawchodinne 101
kayan 121
keenly 112
kelp 115
kelpie 120
kenspac 120
keraunion 124
kerflummox 131
ketimide 126
ketimine 115
khair 138
kibblerman 123
kibei 105
kibosh 128
kiho 122
killy 104
kingbolt 118
kinkily 106
kiowa 122
kip 99
kirkify 118
kiss 122
kite 130
kitish 122
kleeneboc 141
kleptophobia 116
klip 137
knitwear 112
knitweed 128
knobstick 118
knopite 107
knuckling 100
kodak 128
koklas 104
konini 115
kotukutuku 111
krameriaceae 118
krishna 131
kubera 127
kukoline 126
kumyk 122
kupper 122
kvinter 116
kwamme 123
kyat 131
kyklops 108
kyle 120
kyschtymite 131
laccolitic 152
lacinula 137
lackadaisicality 124
lackeyship 124
lactific 109
lacwork 133
ladybird 107
laemodipodiform 119
laet 127
lagostoma 108
laicization 124
lamboys 126
lameness 109
lammas 129
lanceolate 123
landladyish 129
landlooker 125
landside 124
laniflorous 124
lapillo 108
lapsi 108
lapwork 132
laserpitium 130
lass 144
lat 122
latesome 126
latexosis 126
latticework 126
laudability 137
laughterful 112
lazily 118
leaded 126
leadenheartedness 135
leaguelong 117
learoyd 115
leatherworker 98
lecaniinae 243
legged 128
legislatorship 127
leiotrichidae 108
leisureless 125
lenticle 131
lepidotic 108
leptodactylous 150
lete 99
levier 131
levis 143
levo 120
levulose 128
lexiconist 119
liberatress 135
library 134
light 136
lightwort 115
lignosulphonate 123
lillibullero 108
limitation 136
limnological 108
limulidae 130
linguanasal 120
linter 119
lipometabolic 128
lipotropic 121
lipuria 116
lissencephala 149
lithochromography 119
lithoclast 135
lithological 137
lithotome 122
little 129
littorella 127
liven 127
liveried 121
lixivium 109
loafer 108
loath 124
lobata 123
lobectomy 143
locoweed 136
locustberry 137
lof 117
log 118
longcloth 106
longingness 135
longsome 124
lophophore 124
lordlily 135
loxiinae 137
lucidly 127
luck 121
ludibry 122
luke 137
lukewarmness 149
lumper 134
lumpingly 112
lunambulism 140
lurement 125
lurkingness 108
luxe 115
lwo 130
lyceum 122
lyctidae 126
lymphangiosarcoma 113
lyretail 125
mabolo 150
macaranga 106
macies 130
macraucheniid 119
macrochemistry 124
macroergate 118
macroevolution 135
macrognathous 114
maestri 127
magadis 125
magadize 129
magazine 120
magindanao 161
magirologist 136
magistrative 114
magnetism 127
magnetoid 145
magnetooptics 124
magnipotent 135
maidenship 98
majagua 114
malaclemys 136
malayize 115
malengine 126
maltiness 120
mameluke 126
mammutidae 138
mand 110
mandrel 130
manichaeism 116
manitrunk 128
manorship 120
manso 130
mantrap 126
manumisable 120
mapuche 139
maraud 113
margaritiferous 130
marimba 125
marseilles 111
marzipan 117
massa 114
masterlike 126
mastigure 111
materialize 132
matins 128
matless 137
matricular 132
matriotism 136
mats 126
matutinary 118
maugis 117
maxillomandibular 134
maximize 144
mayhappen 239
mayoruna 116
mazolytic 122
mealmouthed 125
measure 107
mecometry 133
mediatrix 131
medication 130
medicatory 144
meditativeness 127
meditator 124
medullispinal 116
megalornis 122
megrel 139
melancholiousness 113
melanian 125
melibiose 140
melilot 112
melitriose 118
mellay 118
melodia 132
melodyless 105
meloidae 130
melter 116
membranocartilaginous 133
memo 112
memphian 116
meningorrhagia 121
ment 116
mephistopheleanly 124
mephitic 112
meridionally 136
merorganization 129
merulioid 127
mesarteritis 97
mesembryanthemaceae 138
mesmerism 152
mesmerizee 127
mesocephalic 130
mesoplastic 139
mesorrhinium 126
mesostomid 117
message 123
messapian 110
metabismuthic 136
metaconid 132
metakinesis 126
metaleptic 109
metalline 138
metallurgist 141
metaloph 123
metalorganic 104
metaluminate 128
metamerized 110
metaphorically 132
metapolitician 126
metaprotein 138
metastability 116
metastigmate 134
metaurus 132
mete 124
metempsychosize 134
methanate 144
methylanthracene 135
metrostyle 92
mettlesomeness 122
mezzograph 128
miasmatology 139
mication 125
microcinema 135
microfarad 126
microglossia 134
microgram 140
micrographically 127
microgravimetric 113
microlepidopterist 122
micrological 129
micronutrient 132
microorganic 132
microphakia 263
microphysiography 123
micropore 124
micropterous 120
micropterus 110
mid 117
midmost 138
midsummer 139
miguel 139
milla 138
milliamp 142
millioctave 113
millionairism 124
miltos 127
miltwaste 132
milvus 107
mimosa 122
mindfully 131
minorite 128
mirthsome 131
misallowance 124
misassign 141
misconstitutional 127
misdread 116
misfigure 117
misintend 110
mislayer 129
mismeasure 136
misotheist 101
mispersuade 108
misplease 125
misrecollect 111
missmark 135
misspelling 120
mistrustingly 135
mitsumata 128
mitty 138
mizzle 136
mobbishness 123
moggy 126
molary 151
molasse 127
mollifyingly 119
molybdomancy 131
momentousness 142
momo 127
monadism 115
monarchial 108
monas 138
monasticism 130
monial 131
monilioid 119
monoacid 103
monobromoacetanilide 133
monocondylian 108
monocracy 115
monographer 131
monohydroxy 140
monopodous 125
monosporangium 121
monosymmetrically 116
montagnais 128
monumentless 121
mooch 124
moorship 131
mophead 144
moqui 123
moravianized 136
morbid 130
morchella 121
mordantly 114
mordv 141
mormyrian 137
mornless 134
moron 120
morphically 129
morrhuine 141
mortar 114
morulation 243
mosquito 115
motograph 136
motoneuron 118
mover 127
mozzetta 146
mucigenous 124
muckerish 123
mucorrhea 121
mucus 246
muffled 131
mulctation 110
multifariousness 120
multifurcate 130
multipresence 120
multisacculate 130
multisacculated 137
multituberculated 129
munandi 128
munitionary 113
muradiyah 125
murph 141
muscling 132
mushed 123
musky 132
mussulmanic 111
mussurana 111
mustela 130
mutilous 129
mycele 114
myeloganglitis 109
myoblast 117
myoneurosis 129
myopathia 147
myope 118
myoplasm 114
myriare 125
myrick 129
myrmecophagous 134
myrmotherine 124
mysticly 139
mystifically 116
mythify 128
mythomaniac 133
mythometer 135
myxangitis 140
myxococcus 141
nane 126
naphthalic 109
naphthoxide 93
nasethmoid 133
nasological 147
nasomaxillary 120
nasoprognathic 140
nasute 126
natricine 133
naturistically 137
navaho 118
navarch 111
navicert 117
nazify 127
nebulite 133
nebulium 109
necessity 144
necroscopical 149
nectarinia 125
nectarium 123
nectria 127
needle 105
negroize 142
nehantic 128
neighbor 142
neighborliness 109
nematognath 113
nemertea 112
nemertini 121
nephelorometer 126
nephrocoele 112
nephrohypertrophy 121
nephrorrhaphy 127
nervosism 123
neuma 123
neurapophysis 126
neurectomic 120
neurodynia 122
neuroretinitis 126
neurotomize 120
neutrologistic 129
newsworthy 120
nicking 128
nightward 114
nigrify 97
nitric 132
nitrobacterieae 112
nod 128
nodosarian 135
nolition 137
nonacute 114
nonallegation 131
nonargentiferous 130
nonbathing 127
nonbearing 132
nonbeing 115
nonbelieving 134
noncalcareous 135
nonconductor 130
nonconformism 119
noncontraband 127
nonconvenable 131
noncosmic 118
noncreation 138
noncredent 109
nondeceptive 88
nondeportation 135
nondetest 117
nondiazotizable 129
nondoing 140
noneclipsing 120
nonelectrized 114
nonemendation 136
nonemission 142
nonextradition 119
nonfactory 115
nonfrauder 117
nonfuroid 136
nongrass 114
nongravitation 132
nonimpairment 106
nonindividualistic 133
nonintervention 122
nonirritating 129
nonmalignant 120
nonmandatory 125
nonmortal 134
nonparental 135
nonpower 122
nonpractical 138
nonpreformed 113
nonprofane 112
nonrational 146
nonrayed 125
nonrenewal 118
nonrenouncing 106
nonrevertible 145
nonsaline 134
nonschematized 108
nonserviential 116
nonspirit 121
nonsyllogizing 125
nonthematic 129
nonvisualized 124
nopal 131
norbergite 118
northeastward 244
northman 123
northwester 108
nosebleed 139
notalia 125
notarikon 115
noter 128
nothingarian 121
notidani 117
notopterid 118
nourishable 129
nucleation 131
nudist 125
nullable 133
numskulledness 138
nurly 135
nutate 127
nystagmus 135
oarlock 122
obeliscar 122
obesely 125
obligatoriness 128
obliging 119
obnounce 120
oboist 119
obscene 129
obscurantist 114
obstruent 133
obtruncator 138
obtundity 137
obversely 129
occipitalis 128
occipitoaxial 119
occupance 118
occursive 132
ocellated 129
ocellicyst 117
ochlesis 127
ocneria 128
ocracy 122
octandria 118
octoalloy 121
octopartite 108
oculofrontal 133
odist 120
odontaspidae 112
odontonecrosis 125
odoriferousness 142
odorless 106
odso 122
oecumenicity 136
oenomaus 117
ohmage 109
oinology 104
oldwife 126
olena 112
oligocythemic 124
oligomerous 121
oliguria 137
omnificent 123
omnimeter 134
omninescient 115
omnipotentiality 145
omnipotently 120
omphalus 122
ona 121
onagra 113
oncometric 137
onslaught 142
onychoid 119
oophoron 115
oophytic 112
opegrapha 124
operoseness 130
ophite 127
ophthalmophthisis 126
opiate 136
opisthotonus 114
opportunist 104
opprobriously 112
opsistype 110
opthalmothermometer 110
orbical 145
orcein 128
orchardist 122
orchestrion 125
ordinariness 129
oreodontidae 121
organless 124
organonomic 136
organotropism 118
origan 134
orkhon 105
ornithodelphia 109
orobanchaceous 128
orpiment 130
ortalidian 109
ortheris 112
orthis 145
orthobiosis 134
orthodontics 114
orthophyre 135
ory 130
oscar 118
oscillatoriaceous 122
oscillometry 145
osmundaceae 113
osseomucoid 150
ossifrangent 128
ostial 137
ostracion 127
othmany 133
otocephalic 125
otocystic 115
otopathic 126
outcricket 136
outecho 108
outfighting 111
outflunky 112
outglad 141
outkiss 118
outlighten 127
outpouring 149
outrow 111
outsheathe 135
outslander 135
outsoar 124
outstand 129
outtalent 127
outtop 150
outturn 148
outwash 143
ova 127
ovatotriangular 141
overaccumulation 113
overactivity 130
overapprehensive 114
overassert 138
overawn 145
overbuild 118
overbulky 131
overchief 117
overcompound 113
overconsiderately 120
overcourtesy 126
overdignify 114
overeaten 150
overfall 112
overfatigue 133
overfatten 115
overforwardness 120
overfrequently 109
overget 135
overgross 121
overinsistence 122
overjudgment 144
overlargeness 121
overliking 120
overmark 110
overmeek 108
overname 143
overnoise 133
overplenteously 115
overprosperous 142
overrefinement 116
overrent 100
overscrub 118
overshadower 121
overshine 137
oversuperstitious 116
overthrust 131
overtight 115
overventuresome 141
overwell 110
ovibovine 127
ovogonium 135
ovule 115
owing 107
oxaluramid 116
oxazole 105
oxbird 128
oxfordism 143
oxhouse 131
oxidizement 109
oxyacetylene 107
oxyacid 140
oxybutyric 132
oxydendrum 103
oxygen 143
oxyrhynchous 145
oxytocin 124
pabulary 133
pachydermic 139
pachysomia 120
pacificate 126
paddler 131
padina 111
padraic 122
paganalia 133
pahmi 120
paik 128
painfulness 112
painkiller 113
paint 107
palaeoherpetology 114
palaeozoologist 107
palatable 109
paleoanthropologist 129
paleobiogeography 129
paleostriatum 144
palladic 121
palmesthesia 148
palmyrenian 118
palouser 110
palp 122
panaman 116
panautomorphic 123
pandle 125
pangi 130
paniconography 120
panoplied 127
pansmith 140
pantaloon 108
pantamorphic 133
pantatype 130
pantechnic 135
pantellerite 133
panthelism 144
pantopterous 115
pantotheria 146
papilliform 148
papinachois 131
papless 139
paracolitis 112
paradiazine 112
paradigmatic 267
paragastric 135
paragastrula 141
paralitical 111
parallelistic 140
paralogician 133
parameter 140
paraphrasis 148
parareka 121
parceling 143
parcellization 123
parching 128
parentality 129
pareoean 131
parhypate 112
parnassianism 128
parochialist 240
paroxysm 118
parsimoniousness 131
parsonly 254
partanfull 130
parthenope 104
parthian 132
partial 125
particulate 116
partnership 133
pasan 149
paschal 137
passade 117
passionfulness 134
paterfamiliarly 122
patheticate 126
pathfarer 120
pathfinder 127
pathoanatomy 126
pathogenesis 134
pathognomonical 110
pathopsychosis 130
patrick 129
patripassianist 117
patronship 119
pattener 128
paulinistic 128
peckishness 129
pecuniary 134
pedantry 132
pedee 132
pederastically 133
pedunculata 110
pegger 117
pekoe 115
pelean 120
pellagragenic 119
pelorization 126
peltandra 125
pelvetia 149
pencilwood 148
pengo 123
pennate 156
pensileness 127
pentaspheric 128
pentateuchal 125
pentstemon 124
peracidite 108
perceptivity 125
percolative 116
perfectionizer 125
perforcedly 115
perfusive 138
periappendicitis 130
periarthric 97
pericenter 129
peridentium 136
peridot 143
periencephalitis 143
perihepatitis 124
perioecic 130
periorbita 133
periostitic 116
periplast 131
periscian 117
peritoneoclysis 129
peritoneum 130
peritonitic 141
peritracheal 125
peritropal 127
peritropous 119
periungual 133
perlustrator 134
peroxidize 129
perpetualist 130
perrier 108
persicot 139
personnel 123
perspectived 120
perspiringly 124
persulphocyanate 123
perulate 115
petasos 127
peteca 102
petiolata 133
petricolous 108
petrine 135
petrolization 116
petrosphenoidal 121
peziziform 131
phacocyst 124
phaenogamic 126
phaneroscope 129
pharmacognostically 131
pharmacognosy 120
pharmacopoeia 111
pharmakos 130
phasianoid 119
philander 137
philippe 119
phillis 126
philonoist 124
phlebogram 117
phlebostasis 121
phocoid 111
phoenicaceous 116
phonodeik 145
phonologist 100
phoridae 131
phosphorus 128
phosphuret 118
photistic 121
photochromolithograph 139
photoglyptic 128
photological 135
photologist 130
photostereograph 113
phraseographic 132
phraser 117
phylarchy 127
phyllaurea 115
phyllophyte 104
physiographer 120
phytolithological 127
pickpocketry 120
picksomeness 125
picnic 118
picnickish 101
picotah 119
picturable 120
picturesquely 114
pie 108
piegan 122
pieplant 115
piezoelectric 133
piking 124
pilcorn 120
pilgarlicky 147
piliferous 128
pilot 125
pincushiony 124
pindy 138
pinning 110
pinta 113
piously 115
pioxe 132
pipestem 121
pipi 111
pipper 118
piscinal 124
pistacite 146
pitcherlike 114
pitheciine 120
pitiful 125
pityriasic 136
plagiocephalism 152
plagiochila 119
plainness 140
plainscraft 116
planetarian 135
planetule 114
planicipital 120
planorboid 121
plasmosoma 137
plasterboard 121
plater 126
platinammine 120
platinite 116
platopic 131
platycephaloid 130
platycnemic 117
platyglossate 128
platyhelminthes 145
plauditory 103
playcraftsman 126
playerdom 139
plebiscitic 114
plecopterid 129
plectrum 96
pleiobar 126
pleiochromia 128
plesiosaurus 110
pleuracanthea 115
pleuracanthoid 120
pleurodelidae 115
pleustonic 125
plicate 119
pliers 121
plumicorn 130
plumlet 128
plunderbund 125
pluperfect 121
plurality 131
pluriglandular 116
plusquamperfect 130
pluvialiform 127
pneumatically 141
pneumatics 119
pneumatocyst 125
pneumatocystic 119
pneumonokoniosis 149
pneumonolysis 139
pneumonopathy 146
podalic 127
podite 112
poecilopodous 119
poesis 133
poetastrical 129
pogrom 119
pokerishly 131
polity 133
pollinoid 105
poltroon 137
polyactine 128
polybranchiata 94
polychromate 135
polygrammatic 125
polymastodont 133
polymeride 119
polymetallism 112
polyneuropathy 144
polyparasitic 116
polyped 119
polyphage 115
polyphemian 126
polyphyly 123
polyporous 124
polypragmatical 148
polyrhizal 144
polysyntheticism 115
polythalamia 130
polytheism 120
polytheistic 140
polythelism 112
polytonal 120
polytonic 130
pomological 121
ponderment 141
pontee 132
pooly 125
porelike 135
porous 122
portalless 132
portglaive 127
portlast 127
poseidon 129
postacetabular 128
postcentral 111
postcommissural 120
postdicrotic 133
posthypophysis 99
postilioned 124
postmedia 135
postscutellar 116
potentially 99
poteye 111
poticary 124
potorous 108
potpie 115
pourpiece 116
powdry 136
praesian 128
prakritic 132
prattle 116
praxinoscope 124
prayerfully 100
preaccredit 128
preadult 137
preaffect 110
preaggravate 131
preallowance 124
prebrachial 138
prebronchial 106
precandidature 139
precirculate 108
precleaning 126
preclusive 134
precoccygeal 126
precommissure 114
preconcerted 148
preconsult 121
precreditor 123
predepart 119
predestination 132
predetach 110
predictably 136
predisagree 112
predisastrous 120
prefab 133
prefator 140
preferably 114
preforgiveness 125
preglenoid 108
pregranitic 141
preharmony 131
preidea 117
preinsure 123
preinvent 132
prejudicedly 133
preloan 126
premaker 137
premedic 139
premedicate 101
premieress 100
premonitive 138
prenanthes 116
prenuptial 117
preobjective 106
preoverthrow 129
preparental 131
preradio 129
prerecommendation 129
prerefuse 144
presbyterian 121
presenility 128
presidium 117
pressroom 114
presternum 123
prestricken 128
presumptuousness 120
presynapsis 131
presynaptic 134
pretechnically 130
pretemporal 112
pretyphoid 118
preunite 152
prevesical 122
princecraft 110
prionus 115
privacity 114
privet 132
prizery 129
proaction 149
proagitation 113
proappropriation 134
proapproval 110
probationership 130
probeer 122
probosciformed 138
proceremonial 117
processioner 116
procidentia 134
proconnesian 129
proconventional 142
proctocystotomy 139
procuratorial 122
procuratorship 134
prodigalism 108
prodigus 112
proembryo 139
profanely 121
profiction 128
proglottic 141
programmar 120
progressionary 132
progressist 114
progressively 121
prohibiter 144
proleucocyte 118
proliterary 117
prologuer 150
prolyl 129
promenade 122
promethea 118
proponent 128
proportionably 124
prose 142
prosector 146
prosectorium 144
proselike 106
prosenchymatous 125
prospectus 127
prostatovesiculectomy 124
prostomial 135
protanopia 137
protargentum 133
proteanwise 130
protecting 136
protetrarch 138
prothalline 118
protobasidii 145
protococcal 113
protopatrician 123
protopodial 136
protoporphyrin 128
prototrophic 104
protoxylem 112
protozoon 139
protragie 106
protrusion 131
provencial 109
proxenetism 118
proximad 135
prue 120
pryse 106
psalterium 133
pseudoanaphylaxis 130
pseudoelectoral 141
pseudoheroic 120
pseudoisatin 129
pseudolabial 160
pseudolegal 129
pseudology 135
pseudomery 119
pseudoparasitism 133
pseudoturbinal 114
psilophyton 140
psorophthalmic 127
psychogonical 141
psychorhythm 107
pterygomalar 126
pteryla 115
puboiliac 123
pucka 143
puckling 142
puckneedle 137
puffbird 119
pugil 133
puinavian 124
pulicide 115
pulicose 151
pulmonated 122
pulque 125
pulverizator 123
pummel 104
pumpable 146
punctuation 115
pundit 128
puniness 125
punishmentproof 131
puntabout 130
pupahood 133
puppyish 133
pupulo 113
pureness 122
puritanlike 121
purpleness 137
pushmobile 122
pussyfootism 123
pustulate 123
putage 107
putatively 136
putcher 125
putrefaction 143
puzzleation 130
puzzleheadedness 131
pycnodonti 134
pycnodontidae 134
pyramidoidal 138
pyramidwise 117
pyrheliophor 121
pyridone 123
pyroarsenic 114
pyrocomenic 114
pyrrhonistic 138
pythagorist 134
quackishly 122
quader 140
quadriennial 133
quadrijugal 122
quadriplicate 128
quadrisyllabous 118
quagginess 125
quarantiner 122
quarterage 117
quartzic 113
quatch 117
quaternion 115
queenlet 125
quibblingly 131
quickenance 120
quindecylic 135
quinova 130
quinquennially 134
quinquepedalian 147
quinquesection 126
quinquevalvous 113
quota 113
rabbitry 106
racking 112
rackmaster 134
raddleman 107
radiata 136
radiopalmar 142
radulate 148
raffaelesque 115
ragsorter 126
rahdar 115
railroadish 124
rama 137
rameous 128
ramillied 122
ramtil 129
rancidness 128
randite 116
rangiferine 126
ratfish 112
ratheripe 112
ratherly 124
ratifier 138
ravenwise 116
ravishment 121
rawbones 124
reactional 132
readvocate 138
realm 112
rebellious 125
rebuy 138
recapper 118
recarriage 134
recaulescence 117
receipt 114
receiptable 129
receipts 155
receival 129
recesslike 113
rechange 142
recharge 152
rechaser 125
reclinable 143
recognizedly 116
reconcileless 126
recount 124
rectify 124
rectilinearly 122
recur 124
recurvous 118
redactional 113
redactorial 119
redargutive 114
redcap 120
rededicate 120
redemptionless 143
reedbird 129
reel 128
refectorian 119
reflected 140
reflexly 124
reflog 121
reflux 129
refont 122
refool 118
reforest 126
reformational 114
reformist 124
refulgent 112
refutal 132
refutation 143
regalement 125
regelate 130
registrant 107
regnant 115
reguline 116
rehumble 134
reimagination 131
reimportation 120
reindifferent 122
reinsertion 124
reinvent 137
rekindlement 128
relativize 115
releap 115
reliant 127
relocator 116
remede 132
remembrancership 127
removably 104
renocutaneous 126
renunciation 150
reorganizer 119
reorientation 102
reovercharge 112
repage 126
repealist 128
replace 117
repressionary 132
reproachableness 126
reproachably 141
repulpit 124
repulsiveness 110
requestion 136
reserve 124
resinovitreous 134
reskin 117
resojourn 109
resolvability 125
resorcylic 140
responder 111
responsible 131
rest 119
restable 106
restart 133
restful 105
restiad 135
restrained 120
resultative 115
retentor 122
reticulosa 123
retire 129
retirer 114
retractiveness 133
retraverse 134
retreatingness 100
retrocopulant 133
retwine 136
retwist 118
reuben 129
revalorization 110
revealingly 119
revelationize 117
revengingly 132
review 121
reviling 139
revulsively 112
rhinoceroslike 122
rhizopoda 100
rhizopodist 130
rhymeless 123
rhymemaking 107
rhymer 129
rhynchops 142
rhythm 124
ric 117
ricardianism 133
richt 113
ricketiness 120
ride 130
ridgel 128
ridgil 130
rigescence 113
rigging 121
ringdove 117
ringlike 121
ringster 129
risp 121
rizzom 101
roastable 120
roberta 108
rocking 130
rodding 122
rodentia 110
romero 132
romney 153
rondacher 141
rongeur 114
roofless 129
roomed 131
roperipe 125
roquer 117
rorulent 120
rosewort 128
rotatable 127
rottenness 135
roundhead 97
rousseauite 137
rowlandite 109
royal 109
royally 144
rubricity 139
rude 134
ruen 144
ruffiano 131
rufigallic 141
rugmaker 129
rumorous 123
ruralite 118
rushiness 131
rustic 121
rustlingly 117
ruttishness 104
ryme 122
rynt 123
sabbathkeeping 132
sablefish 121
saccharine 113
sack 121
sacrad 123
safecracking 117
sagacious 144
sagittaria 129
sagittoid 137
sailable 132
salicaceous 123
salience 126
salivous 109
salmiac 141
saloon 117
salpiglossis 127
salpingoscope 129
salvageable 264
sambucaceae 116
sameliness 137
sanctimony 116
sandra 124
sandust 137
sanpoil 129
saprophagan 135
sarcocystis 114
sarigue 108
sarkine 110
satanicalness 127
satiableness 116
satinleaf 116
saturninity 120
sauceline 121
sauna 128
savant 136
savitar 109
savoringly 103
saxifragant 122
saya 122
scaddle 127
scaffie 119
scaling 125
scallola 114
scalpellus 122
scam 131
scandalization 117
scaphiopus 122
scapulectomy 119
scapulohumeral 103
scarabaeid 137
scaroid 120
scattered 111
scaul 109
scavenger 129
sceloporus 120
scenario 117
schapbachite 126
schistoglossia 120
schizospore 126
schnabelkanne 115
schoolboydom 125
schoolmasterism 137
schoolteacher 109
schooltime 116
schorl 128
schweizerkase 135
scintillantly 119
scintillation 117
scintillometer 131
scleranth 123
sclerema 115
sclerenchymatous 131
scleroblastema 124
sclerocorneal 148
sclerosarcoma 137
scogginist 108
scolder 122
scolopacidae 128
scoptophiliac 126
scotography 118
scoury 115
scow 122
scowbanker 132
scowlproof 118
scram 128
scream 137
screechingly 135
screensman 118
scrivenery 241
scrutiny 155
sculp 130
scurrilist 121
scutulum 120
scyllarus 111
scyphomedusoid 149
scythic 140
scytonemataceous 135
seaquake 119
seasick 123
secludedly 126
secondhandedness 135
secretiveness 120
sedged 122
sedimentary 135
seedman 142
seen 121
seigneuress 120
selected 128
selectiveness 138
selena 128
selenium 137
selenodont 156
seleucidic 113
selfcide 115
semaeostomata 121
semasiological 113
semelfactive 113
semicastrate 117
semicolonial 143
semicoma 107
semiconfinement 127
semiconvergent 126
semicoronate 119
semicylindrical 139
semiengaged 138
semifunctional 129
semijuridical 124
semilunar 116
semimucous 114
seminose 125
semioscillation 135
semiotic 127
semipalmate 143
semipanic 146
semiparasitism 124
semiramize 122
semiregular 123
semispeculation 125
semistill 114
semisuspension 134
semitendinous 133
semitour 122
sempiternal 127
sensuism 110
sentence 100
sepicolous 140
septet 124
septoic 116
septulate 149
sepulcher 152
sequently 117
sequestration 143
serer 130
serotherapy 127
serratodentate 130
serwamby 135
setdown 111
setigerous 126
severalness 123
sexarticulate 132
sextipara 140
sextipolar 129
shabble 104
shaivism 136
shallu 140
shapingly 114
share 129
shawlwise 122
sheenful 112
sheepfold 126
shela 116
shellapple 133
shelvingness 123
shewel 135
shinwood 135
shipmast 120
shipshapely 111
shirky 122
shittimwood 121
shoddylike 113
shoo 132
shooter 124
shopland 140
shovelmaker 142
shrewstruck 129
shrubby 127
shrug 136
shucking 123
sicambri 115
sick 112
sickening 102
siderographic 125
silicotalcose 118
siliquaria 118
silkworm 118
simia 122
similar 124
simity 123
simoniacally 138
simplicidentate 115
simplist 113
simultaneous 139
sinalbin 139
sinecural 122
singstress 142
sinisian 133
sinkhole 117
sinnable 146
sinupallialia 122
siphonobranchiata 119
siphunculate 141
sirenically 122
sirianian 125
sitiophobia 140
sitomania 122
sittinae 119
skateable 124
skeletogenous 103
skepful 128
skinbound 108
skinking 120
skipman 115
skirmishing 117
skittishness 116
skittles 133
skittyboot 126
skivvies 129
sklinter 123
slabbing 117
slackage 107
slaistery 127
slammock 123
slaphappy 123
slapjack 136
slaughterous 112
slavocrat 95
sleevelessness 118
slipknot 132
slitch 127
slopmaking 135
slothful 120
sluggard 118
smallhearted 138
smaragdus 131
smashing 142
smatter 120
smellable 132
smyrniot 120
snabble 108
snath 119
snaw 114
sneezy 116
snithe 110
snithy 123
snobdom 144
snow 131
snowbank 138
soarer 125
soboliferous 133
socii 116
sociolatry 124
sofoklis 130
soka 144
solaciously 125
solaciousness 115
solicitee 131
solifluctional 269
solmizate 138
solubilize 111
somatogenetic 123
someway 113
sonderclass 109
soneri 131
sonometer 129
sonorosity 123
soord 122
soot 125
soothingly 134
soph 131
sorediform 130
sorption 117
sorrel 135
sorter 116
sotho 123
soulfully 116
soundage 121
sourwood 124
southerland 127
sovkhose 123
spaceband 152
spack 138
spangly 124
sparrowy 119
spasmodicalness 120
spatangida 121
specialism 136
specie 124
specksioneer 131
spectroscopist 132
spell 112
spencer 130
spergula 135
spermatogonium 132
spermocarp 111
sphaceloderma 124
sphendone 146
sphenofrontal 121
spheral 134
spig 132
spilite 126
spillage 128
spinage 141
spinelessness 124
spinescent 131
spinthariscope 143
spirillolysis 117
spiritally 105
spirochetemia 135
spirogyra 259
spirometry 287
spitter 129
splachnaceae 124
splanchnesthesia 149
splenatrophy 111
splinterd 126
spoken 130
spongicolous 106
spongilline 119
spookdom 124
spookist 118
sporadical 116
sporozoon 135
spottle 108
sprackly 127
sprigged 134
springhead 142
springworm 114
sproutage 137
sputumose 113
squamipinnes 123
squareflipper 117
squinter 134
squirrelfish 139
stability 115
stactometer 114
stagnance 115
stahlianism 123
staio 131
stalactical 136
stambha 118
stampweed 126
starchflower 127
starlights 130
staroobriadtsi 145
starrily 117
starshake 146
staving 129
steadiment 115
steak 123
steedlike 115
steeler 107
steganopodes 114
stenocephalous 131
stentoriously 123
stercorariidae 128
stereoplanigraph 114
stereotypery 131
stethograph 125
stibbler 131
stichometrical 121
stigmatism 124
stilettolike 116
stintless 122
stippler 129
stirp 116
stocker 142
stockmaker 140
stolae 122
stoner 124
stooded 131
storax 137
stoupful 140
stoutwood 135
stower 118
stragular 120
straightwise 259
strayling 131
streamful 125
streaminess 132
streltzi 155
strepor 122
stria 121
striature 121
stridency 122
strifemaker 112
strikebreaker 127
stringless 126
striving 115
strongyle 125
struldbruggism 106
stubrunner 122
stupor 150
stupose 112
sturine 111
sturtin 124
stylochus 126
stylopod 138
subacademic 115
subarachnoidal 109
subattenuated 149
subcaecal 129
subcrepitant 122
subcrest 111
subdialectally 131
subelection 115
subglabrous 125
subglumaceous 146
subgyrus 104
subhemispherical 126
subhorizontal 129
subinitial 116
subject 128
sublimish 118
sublineation 134
submediocre 122
submitter 130
submolecule 126
subnasal 124
suboesophageal 119
subprotector 156
subquintuple 136
subsecretarial 129
subsidiarily 118
subsidist 137
subsidizer 143
subsocial 112
substant 139
substantialize 127
substantivity 124
substitutive 124
subsulphid 113
subsumption 119
subtly 144
subumbellate 125
subvariety 108
subvein 125
subworker 120
successlessly 141
succorful 115
succourless 136
sudanese 141
suessiones 108
suffused 123
suffusion 124
suggestionability 130
suggestionize 122
suitably 128
sulciform 115
sulfamerazin 118
sulfogermanate 124
sulfonethylmethane 125
sulfonmethane 137
sulphoarsenic 145
sulphochromic 136
sulphocyanide 110
sulphonal 139
sulphonephthalein 113
sulphotoluic 123
sulphowolframic 119
sultane 128
sultriness 111
summerite 130
sunderer 122
superabundantly 124
superciliously 128
supercloth 133
superdemonstration 108
supereminency 130
superethmoidal 121
superexcrescence 126
supergratify 114
superhirudine 123
superhumanize 113
superindependent 123
superlenient 111
superlucky 126
supermanly 144
supernumerariness 143
superobjectionable 109
superrheumatized 130
supersaint 150
supersensory 130
supersensuousness 114
superstrata 118
supersupremacy 122
supertrivial 125
supertutelary 128
supplial 104
suppliancy 121
suppresser 139
suppressible 125
suppressionist 119
suprachorioid 121
supracommissure 98
supradural 124
supraseptal 117
supraspinal 142
supraterrestrial 129
surfacy 117
surginess 132
surmountal 122
surrealist 124
surrebuttal 119
surturbrand 124
survivorship 121
suslik 130
suspicional 120
suzan 108
swaggerer 100
swainish 108
swalingly 145
swarbie 105
swathable 139
sweetlike 137
sweetling 120
swerd 115
swiften 154
switzer 135
syllab 105
syllogistic 115
syllogistically 127
sylva 99
sylviinae 136
symbolology 124
symphony 113
synapsidan 102
syncategorematical 115
syncladous 119
syncoelom 139
syncretion 141
syndrome 112
synectic 134
synoecism 130
syntypic 152
syrinx 260
tablewise 120
tabulary 134
tabulated 121
tachinaria 134
tachycardia 146
tactosol 118
tadpolelike 130
taenidia 117
taeniodontia 122
taeniodontidae 110
tafwiz 116
tahsil 120
tail 121
taillie 111
tailoring 131
talipomanus 129
talkability 106
talwar 126
tamacoare 117
tamarack 134
tamarind 131
tamlung 134
tanproof 136
tapa 126
tapeline 114
taperingly 129
taperwise 133
tapist 136
tapsterly 113
taramellite 138
tarlatan 120
tarpot 134
tartarish 139
tartarous 124
tartufism 132
taskless 106
tasksetter 111
tasset 105
tauromachian 119
tavernly 118
taxiarch 114
teacupful 118
tease 123
teave 137
technicalize 116
technics 130
tedium 122
teensy 133
teething 129
teleostome 122
teleutospore 131
telford 119
teliferous 108
tellinoid 116
telltalely 127
telluride 129
telomic 116
tempersome 112
tempestical 121
templeless 116
temptation 130
tempyo 104
tenantry 111
tennisy 121
tenorless 122
teratology 136
ternary 108
terpin 126
terrorful 118
tertius 134
tessaradecad 127
testimonium 131
tetanomotor 155
tetradecanoic 98
tetraglot 128
tetrameralian 115
tetramin 126
tetrasporangium 134
tetrazolium 140
teutonesque 105
thalamomammillary 125
thalassographical 131
thalposis 140
thanatographer 114
thanatophoby 118
thankfulness 103
thave 126
theanthropic 130
theanthropos 112
theatrically 128
theatrocracy 124
theb 138
thecasporal 101
thelemite 129
theo 119
theocratically 115
theologicoastronomical 117
theopathy 124
theophania 132
theoriai 118
therapeutically 124
thereon 128
thereupon 144
therm 131
thermometamorphism 112
thermosystaltism 114
thermotelephone 128
theromores 134
thiopyran 114
thiostannate 148
thiouracil 134
thirlage 115
thirstland 124
thoracobronchotomy 114
thoughty 126
thracian 126
thrap 130
thrawneen 129
thrimble 148
thriveless 131
thwartover 128
thyroprotein 126
thyrotoxicosis 118
tidytips 135
tigress 123
tigurine 136
tilelike 125
tilework 115
tillamook 113
timekeepership 123
tind 118
tingle 138
tingler 118
tingletangle 129
tinglingly 123
tipsy 134
tireroom 115
tiriba 125
tiswin 127
titfish 117
titivator 125
tocodynamometer 129
tohunga 136
tokened 122
tommyrot 131
tomopteris 132
tongueless 141
tongueman 125
tonight 130
tonsillectome 111
tonto 102
toolhead 117
toothing 108
toozle 149
topcoating 128
topeewallah 130
toponymics 107
topsailite 139
topwise 134
toreador 131
tormentedly 141
torney 141
torotoro 145
torpescence 138
torrent 140
torrentuous 113
tortrices 124
tortrix 118
toryize 117
tost 133
total 134
totemic 137
totipotence 114
totipotential 133
tottergrass 137
toughness 124
towned 119
toxicogenic 132
toxicophidia 127
trabascolo 114
trabeculated 128
tracheidal 129
tracheloclavicular 135
trackingscout 119
tragelaphus 120
tragus 147
trailmaking 113
trailside 114
tramwayman 101
tranquilize 131
transappalachian 131
transect 129
transitival 119
transjordanian 110
transmuter 126
transparentness 125
transportedly 142
transportive 135
transubstantiate 123
transvasation 143
trapiferous 113
trashless 111
traumatopyra 104
treacherous 125
tremorless 128
tressour 123
trest 132
triacontaeterid 135
triantelope 111
triarcuated 137
trickish 144
triconodontoid 108
triconodonty 131
tridentated 127
trifacial 155
trigonotype 135
trilinear 138
trimestral 107
trimoric 121
trin 121
tripetalous 123
tripudium 131
tristram 141
trisubstituted 132
trityl 135
trivia 128
trivially 145
trivirgate 116
trochili 107
trochilus 119
trochoidally 132
trojan 117
trophic 123
trophobiotic 123
trotlet 130
trowelman 120
trucking 122
truehearted 114
truncatellidae 100
trust 124
trustingness 128
trustwoman 129
tuberation 133
tubicinate 113
tuboovarian 108
tuborrhea 133
tubulet 133
tunefully 129
tung 118
tunicate 120
tupelo 125
turgidity 112
turkologist 121
turkology 113
turnicine 137
turpid 129
turtleback 151
turtlebloom 135
tuscanism 146
tutball 106
tute 134
tutelo 133
twa 104
twink 115
twistiwise 123
tylosteresis 150
tympanum 109
typhoid 134
typicality 116
typify 122
tyro 137
tyrsenoi 131
tyrtaean 121
uintathere 131
ulexite 147
ultimately 121
ultimogeniture 123
ultracrepidarianism 105
ultralegality 130
ultramodern 108
ultramontanism 120
ultraoptimistic 129
ultraplausible 112
ultrascholastic 139
ultraugly 133
ulua 127
umbellifer 118
umbelliflorous 124
unabbreviated 131
unabrogated 120
unabrupt 126
unaccoutered 135
unaccumulable 113
unadaptive 137
unadvisably 126
unaffected 136
unagreed 113
unalterability 115
unamiably 136
unappropriate 125
unaptness 114
unarticulate 130
unascended 112
unasserted 114
unattractiveness 107
unaverred 135
unbain 143
unbarb 107
unbelievability 129
unbewitched 109
unbowel 134
unbright 116
unburlesqued 114
uncased 117
uncertain 113
uncharming 132
unclemently 128
unclerical 107
unclerklike 120
uncleverness 119
unclogged 134
unclutched 132
uncoachable 127
uncollectedly 140
uncondemned 118
unconsentaneous 117
unconsolable 133
uncontinuous 118
unconverted 137
uncubic 153
undamasked 116
undeclined 115
undeformedness 133
underactor 139
underaid 118
underbearing 122
underbid 127
undercarder 269
undercloak 130
underclothe 131
underdead 119
undergauge 118
undergraduateness 109
underhum 107
underlaundress 120
underliner 108
undermade 99
underpacking 139
underpropping 115
underrower 125
undersatisfaction 128
undersawyer 108
undersee 131
underserve 110
understrain 128
undersuggestion 153
undertitle 136
undertutor 147
undervaluingly 129
undescriptive 129
undespondent 121
undetectable 120
undeviatingly 128
undidactic 139
undisarmed 130
undiscordant 142
undiscriminatingness 139
undisguised 127
undispellable 120
undivertibly 113
undivinely 353
undocumentary 128
undogmatical 113
undomestic 111
undress 140
undrying 136
undular 118
undurably 143
undying 116
uneliminated 105
unembarrassedness 131
unendangered 124
unentire 143
unenvious 122
unevident 121
unexciting 108
unextendible 130
unfacilitated 128
unfailingness 118
unfallenness 126
unfarming 133
unfederal 122
unfellowed 129
unfiltered 119
unfond 132
unforbiddenness 125
unforcibleness 129
unfordableness 143
unforested 135
unformal 133
unforsworn 136
unfrill 121
unfrizz 125
unfrizzy 135
unfructuously 119
unfurrowable 132
ungalling 125
ungassed 145
ungelatinized 121
ungelded 107
ungerminated 133
unglobular 128
ungloom 125
ungrasping 83
unguidably 134
unhallowedness 128
unharried 152
unhawked 105
unhelm 123
unhomogeneously 133
unhooper 118
unhooted 129
unhopedly 122
unhorny 142
unicolorate 129
uniformization 134
unignominious 122
unigravida 113
unimpressive 129
unimprovedly 124
unincarnate 120
unincluded 120
uninclusiveness 121
uninfluencive 130
uninhabitableness 131
uninherited 147
uninspiringly 125
uniqueness 130
uniradical 127
unison 127
unitarianize 125
unkissed 136
unkneeling 130
unlamented 120
unlawfully 126
unlikable 123
unlikeably 123
unlimb 116
unliquidatable 111
unmate 124
unmaturity 133
unmechanize 136
unmeriting 131
unmetric 118
unmicroscopic 129
unmissed 125
unmolesting 124
unmollifiably 129
unmotherly 226
unmovableness 123
unnorthern 138
unobsequiousness 117
unoccupiedness 118
unoecumenical 136
unorganicalness 119
unorganizedness 128
unornamentally 144
unpapaverous 131
unpaper 119
unpark 132
unpartial 133
unpassionate 125
unpathed 134
unpavilioned 129
unperishably 124
unpersevering 116
unpertinently 139
unpile 131
unplanted 134
unplayful 138
unplenteous 125
unpollutable 125
unpooled 135
unprescribed 141
unpreservable 110
unpretermitted 119
unprincipledly 135
unprintably 118
unpriority 119
unprofound 116
unprop 114
unprophesied 122
unproportional 134
unpunctuated 128
unqueen 126
unqueried 125
unquestionable 119
unquestioned 119
unquiet 114
unreadability 126
unrecountable 116
unred 126
unrefitted 114
unregained 128
unregenerateness 245
unresonant 141
unricht 125
unripped 117
unripping 143
unruffle 123
unruinable 127
unsalability 118
unsane 104
unsanguinary 121
unsecureness 121
unseldom 124
unseparably 122
unseptated 112
unserried 125
unshimmering 118
unsightable 112
unsin 138
unsinning 114
unsizable 129
unskilled 125
unslagged 128
unsmiling 146
unsmokeable 132
unsold 113
unsoldierlike 126
unspatial 129
unspectacled 145
unspeculatively 105
unspicy 117
unspiritually 126
unsquandered 119
unstaffed 124
unstrictured 131
unstrike 126
unsubmissiveness 124
unsuggestedness 128
unsupple 132
unswear 138
unsyllabic 144
untarred 121
untell 121
untenty 138
untimorous 145
untortured 135
untractable 120
untradeable 127
untruck 117
untunefully 117
unupright 110
unurbane 116
unurned 116
unuseful 117
unvacant 127
unvarnished 124
unvarying 111
unvertical 132
unvitrescible 130
unvoting 128
unwading 135
unwarily 124
unwatchfully 119
unweetingly 117
unwillfulness 248
unwomb 127
unwrenched 115
upboost 137
upbuoyance 116
upcurve 130
upeygan 124
upkindle 131
uprein 134
upright 144
upstick 110
upupa 105
upwarp 132
uranometria 128
urartaean 141
urdu 113
urethremphraxis 128
urethritic 129
urethrotome 127
urinoscopic 132
urluch 103
urnal 112
urnflower 120
urobenzoic 128
uromere 132
uropodal 147
urotoxy 116
usitative 132
ustilaginaceae 121
ut 109
uteroovarian 124
utopistic 127
utriculiform 130
uveous 113
uvularia 131
uzan 99
vacanthearted 114
vaccina 133
vaccinate 119
vaccinella 109
vacuuma 144
vagabondize 116
vaginometer 115
vaginoplasty 99
valerin 132
valerylene 110
valleyful 116
vallicula 133
valvelike 135
vanadate 144
vantbrace 120
variableness 129
varicella 132
variolar 106
varment 130
vascons 128
vastness 120
vaticanist 128
vauxhall 158
veallike 125
vediovis 133
veen 112
vegetivorous 131
veinery 145
vendicate 115
veneridae 140
venery 113
vengeful 138
ventrine 114
ventrocaudal 115
ventromedian 112
veratroidine 122
verdin 117
vergency 121
verglas 132
veridic 119
veridicous 124
verisimilar 121
verisimilitude 143
verrucaria 120
verrucariaceae 132
versifier 152
vertebrarium 127
vertebroiliac 101
vertumnus 126
vesicate 132
vesper 121
vestrical 131
vestrification 128
vetivert 115
vetoistical 114
viburnum 120
vicaress 129
vicissitudinous 142
victrix 121
view 127
vigorless 145
vigorousness 119
vilifier 132
villoid 127
vimana 136
vindicable 133
vinegerone 100
vinomethylic 132
viny 131
viperess 119
virginian 112
virole 129
viruscidal 116
vishnu 116
visionless 147
vitally 140
vitaphone 132
vitreodentinal 134
vitreous 116
vitrescibility 130
vitriolizer 230
vituline 124
viver 146
vivification 128
vocimotor 134
voicelessly 128
volcanity 125
voluntaryism 113
volunteerism 146
volute 111
vortical 136
vulsella 130
wad 257
wage 112
wagerer 121
waggel 126
wakashan 124
walleye 136
want 137
wantwit 127
warehou 131
warful 121
warlikeness 128
warning 117
warnt 121
warrior 136
warsaw 127
wart 125
wary 131
washingtonia 132
washwork 116
watchlessness 130
waterbrain 109
wateringman 125
waterlog 115
watsonia 134
waveless 128
waxwing 135
waxy 117
wayfarer 137
weaponshaw 127
wearily 124
wearing 123
wearisomely 123
weaselsnout 117
welt 121
wendi 126
wendish 108
wetbird 125
whang 135
wheedlingly 128
wheer 117
wherefor 104
whereunto 109
whew 135
whick 124
whiglet 136
whillilew 126
whimstone 120
whirlbone 137
whiskerlike 125
whisperingness 97
whiz 118
whoremastery 123
wickerby 108
wickless 131
widener 128
widowed 130
wigged 130
wildcatter 126
wildering 108
wilton 128
wincing 113
winer 120
winnowingly 136
winsomely 118
winterish 104
wintun 124
wirable 124
wisconsinite 130
wisecrackery 120
wistful 110
wistonwish 117
woad 115
wokas 127
woldlike 122
wolfberry 134
wolframate 131
womanbody 122
womanhouse 131
wommerala 121
wondercraft 123
wondrousness 127
wonted 132
wording 126
wordless 120
workaway 125
workday 127
workgirl 108
workyard 121
worldwards 121
wormweed 128
worriter 122
wots 117
wriest 107
wrocht 133
wroth 125
wud 123
wurmian 128
xanthate 129
xanthocarpous 127
xanthocyanopsy 124
xanthopicrin 126
xanthopsydracia 123
xenacanthini 131
xeromenia 143
xerophagy 134
xerophile 122
xerophthalmia 134
xi 118
ximenia 110
xylonic 116
xylonitrile 105
yahoodom 132
yakut 113
yamstchik 121
yarpha 114
yarringle 92
yawney 131
yazdegerdian 127
yelmer 125
yesternoon 134
yex 140
yezdi 126
yieldable 116
yieldy 105
ym 115
yohimbi 134
yolkiness 129
yor 136
yttric 108
yuh 107
zabtie 120
zamenis 128
zanthorrhiza 121
zanzibari 147
zealander 131
zeke 135
zepharovichite 126
ziamet 116
zimme 107
zolaist 112
zongora 136
zonotrichia 126
zoocecidium 111
zooidiophilous 138
zoolite 111
zoopantheon 119
zooperal 123
zoophytoid 144
zooplankton 127
zymogene 145
